[INFO] Scanning for projects...
[INFO] ------------------------------------------------------------------------
[INFO] Reactor Build Order:
[INFO] 
[INFO] springcloud-demo                                                   [pom]
[INFO] service-system-api                                                 [jar]
[INFO] service-system                                                     [jar]
[INFO] 
[INFO] ----------------------< com.jwy:springcloud-demo >----------------------
[INFO] Building springcloud-demo 0.0.1-SNAPSHOT                           [1/3]
[INFO]   from pom.xml
[INFO] --------------------------------[ pom ]---------------------------------
[INFO] 
[INFO] ---------------------< com.jwy:service-system-api >---------------------
[INFO] Building service-system-api 0.0.1-SNAPSHOT                         [2/3]
[INFO]   from service-system-api\pom.xml
[INFO] --------------------------------[ jar ]---------------------------------
[INFO] 
[INFO] --- resources:3.3.1:resources (default-resources) @ service-system-api ---
[INFO] skip non existing resourceDirectory E:\Data\projects\springcloud-demo\service-system-api\src\main\resources
[INFO] skip non existing resourceDirectory E:\Data\projects\springcloud-demo\service-system-api\src\main\resources
[INFO] 
[INFO] --- compiler:3.14.1:compile (default-compile) @ service-system-api ---
[INFO] Nothing to compile - all classes are up to date.
[INFO] 
[INFO] --- resources:3.3.1:testResources (default-testResources) @ service-system-api ---
[INFO] skip non existing resourceDirectory E:\Data\projects\springcloud-demo\service-system-api\src\test\resources
[INFO] 
[INFO] --- compiler:3.14.1:testCompile (default-testCompile) @ service-system-api ---
[INFO] No sources to compile
[INFO] 
[INFO] --- surefire:3.5.6:test (default-test) @ service-system-api ---
[INFO] No tests to run.
[INFO] 
[INFO] -----------------------< com.jwy:service-system >-----------------------
[INFO] Building service-system 0.0.1-SNAPSHOT                             [3/3]
[INFO]   from service-system\pom.xml
[INFO] --------------------------------[ jar ]---------------------------------
[INFO] 
[INFO] --- resources:3.3.1:resources (default-resources) @ service-system ---
[INFO] Copying 1 resource from src\main\resources to target\classes
[INFO] Copying 1 resource from src\main\resources to target\classes
[INFO] 
[INFO] --- compiler:3.14.1:compile (default-compile) @ service-system ---
[INFO] Nothing to compile - all classes are up to date.
[INFO] 
[INFO] --- resources:3.3.1:testResources (default-testResources) @ service-system ---
[INFO] Copying 0 resource from src\test\resources to target\test-classes
[INFO] 
[INFO] --- compiler:3.14.1:testCompile (default-testCompile) @ service-system ---
[INFO] Nothing to compile - all classes are up to date.
[INFO] 
[INFO] --- surefire:3.5.6:test (default-test) @ service-system ---
[INFO] Using auto detected provider org.apache.maven.surefire.junitplatform.JUnitPlatformProvider
[INFO] 
[INFO] -------------------------------------------------------
[INFO]  T E S T S
[INFO] -------------------------------------------------------
[INFO] Running com.jwy.scd.SysUserCrudTest
15:33:32.100 [main] INFO org.springframework.test.context.support.AnnotationConfigContextLoaderUtils -- Could not detect default configuration classes for test class [com.jwy.scd.SysUserCrudTest]: SysUserCrudTest does not declare any static, non-private, non-final, nested classes annotated with @Configuration.
15:33:32.203 [main] INFO org.springframework.boot.test.context.SpringBootTestContextBootstrapper -- Found @SpringBootConfiguration com.jwy.scd.ServiceSystemApplication for test class com.jwy.scd.SysUserCrudTest
15:33:32.297 [main] INFO org.springframework.test.context.support.AnnotationConfigContextLoaderUtils -- Could not detect default configuration classes for test class [com.jwy.scd.SysUserCrudTest]: SysUserCrudTest does not declare any static, non-private, non-final, nested classes annotated with @Configuration.
15:33:32.298 [main] INFO org.springframework.boot.test.context.SpringBootTestContextBootstrapper -- Found @SpringBootConfiguration com.jwy.scd.ServiceSystemApplication for test class com.jwy.scd.SysUserCrudTest

  .   ____          _            __ _ _
 /\\ / ___'_ __ _ _(_)_ __  __ _ \ \ \ \
( ( )\___ | '_ | '_| | '_ \/ _` | \ \ \ \
 \\/  ___)| |_)| | | | | || (_| |  ) ) ) )
  '  |____| .__|_| |_|_| |_\__, | / / / /
 =========|_|==============|___/=/_/_/_/

 :: Spring Boot ::                (v4.0.8)

2026-09-18T15:33:32.736+08:00  INFO 14468 --- [service-system] [           main] com.jwy.scd.SysUserCrudTest              : Starting SysUserCrudTest using Java 21.0.12.1 with PID 14468 (started by jiang in E:\Data\projects\springcloud-demo\service-system)
2026-09-18T15:33:32.738+08:00  INFO 14468 --- [service-system] [           main] com.jwy.scd.SysUserCrudTest              : No active profile set, falling back to 1 default profile: "default"
 _ _   |_  _ _|_. ___ _ |    _ 
| | |\/|_)(_| | |_\  |_)||_|_\ 
     /               |         
                        3.5.16 
2026-09-18T15:33:33.552+08:00  INFO 14468 --- [service-system] [           main] com.zaxxer.hikari.HikariDataSource       : HikariPool-1 - Starting...
2026-09-18T15:33:33.777+08:00  INFO 14468 --- [service-system] [           main] com.zaxxer.hikari.pool.HikariPool        : HikariPool-1 - Added connection conn0: url=jdbc:h2:mem:service_system user=SA
2026-09-18T15:33:33.780+08:00  INFO 14468 --- [service-system] [           main] com.zaxxer.hikari.HikariDataSource       : HikariPool-1 - Start completed.
2026-09-18T15:33:34.255+08:00  INFO 14468 --- [service-system] [           main] m.e.s.MybatisPlusApplicationContextAware : Register ApplicationContext instances org.springframework.context.annotation.AnnotationConfigApplicationContext@459cfcca
2026-09-18T15:33:34.371+08:00  INFO 14468 --- [service-system] [           main] com.jwy.scd.SysUserCrudTest              : Started SysUserCrudTest in 2.01 seconds (process running for 3.066)
mvnw.cmd : Mockito is currently self-attaching to enable the inline-mock-maker. This will no longer work in future rele
ases of the JDK. Please add Mockito as an agent to your build as described in Mockito's documentation: https://javadoc.
io/doc/org.mockito/mockito-core/latest/org.mockito/org/mockito/Mockito.html#0.3
所在位置 行:445 字符: 58
+ ... ] = 'utf8'; & "E:\Data\projects\springcloud-demo\mvnw.cmd" -pl servic ...
+                 ~~~~~~~~~~~~~~~~~~~~~~~~~~~~~~~~~~~~~~~~~~~~~~~~~~~~~~~~~
    + CategoryInfo          : NotSpecified: (Mockito is curr...ockito.html#0.3:String) [], RemoteException
    + FullyQualifiedErrorId : NativeCommandError
 
Java HotSpot(TM) 64-Bit Server VM warning: Sharing is only supported for boot loader classes because bootstrap classpat
h has been appended
WARNING: A Java agent has been loaded dynamically (C:\Users\jiang\.m2\repository\net\bytebuddy\byte-buddy-agent\1.17.8\
byte-buddy-agent-1.17.8.jar)
WARNING: If a serviceability tool is in use, please run with -XX:+EnableDynamicAgentLoading to hide this warning
WARNING: If a serviceability tool is not in use, please run with -Djdk.instrument.traceUsage for more information
WARNING: Dynamic loading of agents will be disallowed by default in a future release
[INFO] Tests run: 1, Failures: 0, Errors: 0, Skipped: 0, Time elapsed: 3.614 s -- in com.jwy.scd.SysUserCrudTest
[INFO] 
[INFO] Results:
[INFO] 
[INFO] Tests run: 1, Failures: 0, Errors: 0, Skipped: 0
[INFO] 
[INFO] ------------------------------------------------------------------------
[INFO] Reactor Summary for springcloud-demo 0.0.1-SNAPSHOT:
[INFO] 
[INFO] springcloud-demo ................................... SUCCESS [  0.002 s]
[INFO] service-system-api ................................. SUCCESS [  1.092 s]
[INFO] service-system ..................................... SUCCESS [  5.358 s]
[INFO] ------------------------------------------------------------------------
[INFO] BUILD SUCCESS
[INFO] ------------------------------------------------------------------------
[INFO] Total time:  6.923 s
[INFO] Finished at: 2026-09-18T15:33:35+08:00
[INFO] ------------------------------------------------------------------------
BUILD_DONE_EXIT=0
