2026-09-18T16:35:05.312+08:00  INFO 23172 --- [service-system] [main] com.jwy.scd.ServiceSystemApplication     : Starting ServiceSystemApplication v0.0.1-SNAPSHOT using Java 21.0.12.1 with PID 23172 (E:\Data\projects\springcloud-demo\service-system\target\service-system-0.0.1-SNAPSHOT.jar started by jiang in E:\Data\projects\springcloud-demo)
2026-09-18T16:35:05.317+08:00  INFO 23172 --- [service-system] [main] com.jwy.scd.ServiceSystemApplication     : No active profile set, falling back to 1 default profile: "default"
2026-09-18T16:35:06.631+08:00  INFO 23172 --- [service-system] [main] o.s.boot.tomcat.TomcatWebServer          : Tomcat initialized with port 60584 (http)
2026-09-18T16:35:06.662+08:00  INFO 23172 --- [service-system] [main] o.apache.catalina.core.StandardService   : Starting service [Tomcat]
2026-09-18T16:35:06.663+08:00  INFO 23172 --- [service-system] [main] o.apache.catalina.core.StandardEngine    : Starting Servlet engine: [Apache Tomcat/11.0.24]
2026-09-18T16:35:06.700+08:00  INFO 23172 --- [service-system] [main] b.w.c.s.WebApplicationContextInitializer : Root WebApplicationContext: initialization completed in 1308 ms
2026-09-18T16:35:06.968+08:00  INFO 23172 --- [service-system] [main] com.zaxxer.hikari.HikariDataSource       : HikariPool-1 - Starting...
2026-09-18T16:35:07.144+08:00  INFO 23172 --- [service-system] [main] com.zaxxer.hikari.pool.HikariPool        : HikariPool-1 - Added connection conn0: url=jdbc:h2:mem:service_system user=SA
2026-09-18T16:35:07.146+08:00  INFO 23172 --- [service-system] [main] com.zaxxer.hikari.HikariDataSource       : HikariPool-1 - Start completed.
2026-09-18T16:35:07.773+08:00  INFO 23172 --- [service-system] [main] m.e.s.MybatisPlusApplicationContextAware : Register ApplicationContext instances org.springframework.boot.web.server.servlet.context.AnnotationConfigServletWebServerApplicationContext@3f0846c6
2026-09-18T16:35:07.846+08:00  WARN 23172 --- [service-system] [main] ConfigServletWebServerApplicationContext : Exception encountered during context initialization - cancelling refresh attempt: org.springframework.context.ApplicationContextException: Failed to start bean 'webServerStartStop'
2026-09-18T16:35:07.848+08:00  INFO 23172 --- [service-system] [main] com.zaxxer.hikari.HikariDataSource       : HikariPool-1 - Shutdown initiated...
2026-09-18T16:35:07.851+08:00  INFO 23172 --- [service-system] [main] com.zaxxer.hikari.HikariDataSource       : HikariPool-1 - Shutdown completed.
2026-09-18T16:35:07.859+08:00  INFO 23172 --- [service-system] [main] .s.b.a.l.ConditionEvaluationReportLogger : 

Error starting ApplicationContext. To display the condition evaluation report re-run your application with 'debug' enabled.
2026-09-18T16:35:07.873+08:00 ERROR 23172 --- [service-system] [main] o.s.b.d.LoggingFailureAnalysisReporter   : 

***************************
APPLICATION FAILED TO START
***************************

Description:

Web server failed to start. Port 60584 was already in use.

Action:

Identify and stop the process that's listening on port 60584 or configure this application to listen on another port.

2026-09-18T16:39:54.273+08:00  INFO 12280 --- [service-system] [main] com.jwy.scd.ServiceSystemApplication     : Starting ServiceSystemApplication v0.0.1-SNAPSHOT using Java 21.0.12.1 with PID 12280 (E:\Data\projects\springcloud-demo\service-system\target\service-system-0.0.1-SNAPSHOT.jar started by jiang in E:\Data\projects\springcloud-demo)
2026-09-18T16:39:54.279+08:00  INFO 12280 --- [service-system] [main] com.jwy.scd.ServiceSystemApplication     : No active profile set, falling back to 1 default profile: "default"
2026-09-18T16:39:55.451+08:00  INFO 12280 --- [service-system] [main] o.s.boot.tomcat.TomcatWebServer          : Tomcat initialized with port 8081 (http)
2026-09-18T16:39:55.467+08:00  INFO 12280 --- [service-system] [main] o.apache.catalina.core.StandardService   : Starting service [Tomcat]
2026-09-18T16:39:55.467+08:00  INFO 12280 --- [service-system] [main] o.apache.catalina.core.StandardEngine    : Starting Servlet engine: [Apache Tomcat/11.0.24]
2026-09-18T16:39:55.498+08:00  INFO 12280 --- [service-system] [main] b.w.c.s.WebApplicationContextInitializer : Root WebApplicationContext: initialization completed in 1154 ms
2026-09-18T16:39:55.722+08:00  INFO 12280 --- [service-system] [main] com.zaxxer.hikari.HikariDataSource       : HikariPool-1 - Starting...
2026-09-18T16:39:55.900+08:00  INFO 12280 --- [service-system] [main] com.zaxxer.hikari.pool.HikariPool        : HikariPool-1 - Added connection conn0: url=jdbc:h2:mem:service_system user=SA
2026-09-18T16:39:55.902+08:00  INFO 12280 --- [service-system] [main] com.zaxxer.hikari.HikariDataSource       : HikariPool-1 - Start completed.
2026-09-18T16:39:56.426+08:00  INFO 12280 --- [service-system] [main] m.e.s.MybatisPlusApplicationContextAware : Register ApplicationContext instances org.springframework.boot.web.server.servlet.context.AnnotationConfigServletWebServerApplicationContext@77a98a6a
2026-09-18T16:39:56.494+08:00  INFO 12280 --- [service-system] [main] o.s.boot.tomcat.TomcatWebServer          : Tomcat started on port 8081 (http) with context path '/'
2026-09-18T16:39:56.500+08:00  INFO 12280 --- [service-system] [main] com.jwy.scd.ServiceSystemApplication     : Started ServiceSystemApplication in 2.744 seconds (process running for 3.254)
2026-09-18T16:39:58.951+08:00  INFO 12280 --- [service-system] [http-nio-8081-exec-1] o.a.c.c.C.[Tomcat].[localhost].[/]       : Initializing Spring DispatcherServlet 'dispatcherServlet'
2026-09-18T16:39:58.952+08:00  INFO 12280 --- [service-system] [http-nio-8081-exec-1] o.s.web.servlet.DispatcherServlet        : Initializing Servlet 'dispatcherServlet'
2026-09-18T16:39:58.953+08:00  INFO 12280 --- [service-system] [http-nio-8081-exec-1] o.s.web.servlet.DispatcherServlet        : Completed initialization in 1 ms
