

===== start service-gateway @ 2026-09-21 12:03:34 =====2026-09-21T12:03:37.700+08:00  INFO 40232 --- [service-gateway] [main] com.jwy.scd.gateway.GatewayApplication   : Starting GatewayApplication v0.0.1-SNAPSHOT using Java 21.0.12.1 with PID 40232 (E:\Data\projects\springcloud-demo\service-gateway\target\service-gateway-0.0.1-SNAPSHOT.jar started by jiang in c:\windows\system32\driverstore\filerepository\ntprint.inf_amd64_7ec90cac1a11fca1\amd64)
2026-09-21T12:03:37.711+08:00  INFO 40232 --- [service-gateway] [main] com.jwy.scd.gateway.GatewayApplication   : No active profile set, falling back to 1 default profile: "default"
2026-09-21T12:03:39.001+08:00  INFO 40232 --- [service-gateway] [main] .s.d.r.c.RepositoryConfigurationDelegate : Multiple Spring Data modules found, entering strict repository configuration mode
2026-09-21T12:03:39.006+08:00  INFO 40232 --- [service-gateway] [main] .s.d.r.c.RepositoryConfigurationDelegate : Bootstrapping Spring Data Redis repositories in DEFAULT mode.
2026-09-21T12:03:39.055+08:00  INFO 40232 --- [service-gateway] [main] .s.d.r.c.RepositoryConfigurationDelegate : Finished Spring Data repository scanning in 21 ms. Found 0 Redis repository interfaces.
2026-09-21T12:03:39.506+08:00  INFO 40232 --- [service-gateway] [main] o.s.cloud.context.scope.GenericScope     : BeanFactory id=a5437e8e-3797-341c-9e60-afb60e01c38e
2026-09-21T12:03:39.985+08:00  INFO 40232 --- [service-gateway] [main] o.s.boot.tomcat.TomcatWebServer          : Tomcat initialized with port 8080 (http)
2026-09-21T12:03:40.013+08:00  INFO 40232 --- [service-gateway] [main] o.apache.catalina.core.StandardService   : Starting service [Tomcat]
2026-09-21T12:03:40.014+08:00  INFO 40232 --- [service-gateway] [main] o.apache.catalina.core.StandardEngine    : Starting Servlet engine: [Apache Tomcat/11.0.24]
2026-09-21T12:03:40.050+08:00  INFO 40232 --- [service-gateway] [main] b.w.c.s.WebApplicationContextInitializer : Root WebApplicationContext: initialization completed in 2234 ms
2026-09-21T12:03:41.997+08:00  WARN 40232 --- [service-gateway] [main] iguration$LoadBalancerCaffeineWarnLogger : Spring Cloud LoadBalancer is currently working with the default cache. While this cache implementation is useful for development and tests, it's recommended to use Caffeine cache in production.You can switch to using Caffeine cache, by adding it and org.springframework.cache.caffeine.CaffeineCacheManager to the classpath.
2026-09-21T12:03:42.050+08:00  INFO 40232 --- [service-gateway] [main] o.s.boot.tomcat.TomcatWebServer          : Tomcat started on port 8080 (http) with context path '/'
2026-09-21T12:03:42.065+08:00  INFO 40232 --- [service-gateway] [Thread-3] c.a.n.c.a.r.identify.CredentialWatcher   : null No credential found
2026-09-21T12:03:42.068+08:00  INFO 40232 --- [service-gateway] [main] c.a.nacos.client.logging.NacosLogging    : Nacos Logging Adapter Builder: com.alibaba.nacos.logger.adapter.logback14.LogbackNacosLoggingAdapterBuilder
2026-09-21T12:03:42.071+08:00  INFO 40232 --- [service-gateway] [main] c.a.nacos.client.logging.NacosLogging    : Nacos Logging Adapter: com.alibaba.nacos.logger.adapter.logback14.LogbackNacosLoggingAdapter match ch.qos.logback.classic.Logger success.
2026-09-21T12:03:42.072+08:00  INFO 40232 --- [service-gateway] [main] c.a.nacos.client.logging.NacosLogging    : Nacos Logging Adapter Builder: com.alibaba.nacos.logger.adapter.log4j2.Log4j2NacosLoggingAdapterBuilder
2026-09-21T12:03:42.240+08:00  INFO 40232 --- [service-gateway] [main] c.a.n.p.a.s.c.ClientAuthPluginManager    : [ClientAuthPluginManager] Load ClientAuthService com.alibaba.nacos.client.auth.impl.NacosClientAuthServiceImpl success.
2026-09-21T12:03:42.241+08:00  INFO 40232 --- [service-gateway] [main] c.a.n.p.a.s.c.ClientAuthPluginManager    : [ClientAuthPluginManager] Load ClientAuthService com.alibaba.nacos.client.auth.ram.RamClientAuthServiceImpl success.
2026-09-21T12:03:42.848+08:00  INFO 40232 --- [service-gateway] [main] c.a.n.c.a.AbstractAbilityControlManager  : Ready to get current node abilities...
2026-09-21T12:03:42.849+08:00  INFO 40232 --- [service-gateway] [main] c.a.n.c.a.AbstractAbilityControlManager  : Ready to initialize current node abilities, support modes: [SDK_CLIENT]
2026-09-21T12:03:42.850+08:00  INFO 40232 --- [service-gateway] [main] c.a.n.c.a.AbstractAbilityControlManager  : Initialize current abilities finish...
2026-09-21T12:03:42.850+08:00  INFO 40232 --- [service-gateway] [main] c.a.n.c.a.d.NacosAbilityManagerHolder    : [AbilityControlManager] Successfully initialize AbilityControlManager
2026-09-21T12:03:42.880+08:00  INFO 40232 --- [service-gateway] [main] c.a.c.n.registry.NacosServiceRegistry    : nacos registry, DEFAULT_GROUP service-gateway 192.168.1.129:8080 register finished
2026-09-21T12:03:42.901+08:00  INFO 40232 --- [service-gateway] [main] com.jwy.scd.gateway.GatewayApplication   : Started GatewayApplication in 6.086 seconds (process running for 7.114)
2026-09-21T12:03:42.904+08:00  WARN 40232 --- [service-gateway] [main] o.s.core.events.SpringDocAppInitializer  : SpringDoc /v3/api-docs endpoint is enabled by default. To disable it in production, set the property 'springdoc.api-docs.enabled=false'
2026-09-21T12:06:22.889+08:00  INFO 40232 --- [service-gateway] [http-nio-8080-exec-4] o.a.c.c.C.[Tomcat].[localhost].[/]       : Initializing Spring DispatcherServlet 'dispatcherServlet'
2026-09-21T12:06:22.890+08:00  INFO 40232 --- [service-gateway] [http-nio-8080-exec-4] o.s.web.servlet.DispatcherServlet        : Initializing Servlet 'dispatcherServlet'
2026-09-21T12:06:22.892+08:00  INFO 40232 --- [service-gateway] [http-nio-8080-exec-4] o.s.web.servlet.DispatcherServlet        : Completed initialization in 2 ms


===== start service-gateway @ 2026-09-21 12:09:33 =====2026-09-21T12:09:36.087+08:00  INFO 36548 --- [service-gateway] [main] com.jwy.scd.gateway.GatewayApplication   : Starting GatewayApplication v0.0.1-SNAPSHOT using Java 21.0.12.1 with PID 36548 (E:\Data\projects\springcloud-demo\service-gateway\target\service-gateway-0.0.1-SNAPSHOT.jar started by jiang in c:\windows\system32\driverstore\filerepository\ntprint.inf_amd64_7ec90cac1a11fca1\amd64)
2026-09-21T12:09:36.092+08:00  INFO 36548 --- [service-gateway] [main] com.jwy.scd.gateway.GatewayApplication   : No active profile set, falling back to 1 default profile: "default"
2026-09-21T12:09:37.244+08:00  INFO 36548 --- [service-gateway] [main] .s.d.r.c.RepositoryConfigurationDelegate : Multiple Spring Data modules found, entering strict repository configuration mode
2026-09-21T12:09:37.250+08:00  INFO 36548 --- [service-gateway] [main] .s.d.r.c.RepositoryConfigurationDelegate : Bootstrapping Spring Data Redis repositories in DEFAULT mode.
2026-09-21T12:09:37.296+08:00  INFO 36548 --- [service-gateway] [main] .s.d.r.c.RepositoryConfigurationDelegate : Finished Spring Data repository scanning in 14 ms. Found 0 Redis repository interfaces.
2026-09-21T12:09:37.680+08:00  INFO 36548 --- [service-gateway] [main] o.s.cloud.context.scope.GenericScope     : BeanFactory id=a5437e8e-3797-341c-9e60-afb60e01c38e
2026-09-21T12:09:38.282+08:00  INFO 36548 --- [service-gateway] [main] o.s.boot.tomcat.TomcatWebServer          : Tomcat initialized with port 8080 (http)
2026-09-21T12:09:38.307+08:00  INFO 36548 --- [service-gateway] [main] o.apache.catalina.core.StandardService   : Starting service [Tomcat]
2026-09-21T12:09:38.307+08:00  INFO 36548 --- [service-gateway] [main] o.apache.catalina.core.StandardEngine    : Starting Servlet engine: [Apache Tomcat/11.0.24]
2026-09-21T12:09:38.347+08:00  INFO 36548 --- [service-gateway] [main] b.w.c.s.WebApplicationContextInitializer : Root WebApplicationContext: initialization completed in 2187 ms
2026-09-21T12:09:41.130+08:00  WARN 36548 --- [service-gateway] [main] iguration$LoadBalancerCaffeineWarnLogger : Spring Cloud LoadBalancer is currently working with the default cache. While this cache implementation is useful for development and tests, it's recommended to use Caffeine cache in production.You can switch to using Caffeine cache, by adding it and org.springframework.cache.caffeine.CaffeineCacheManager to the classpath.
2026-09-21T12:09:41.230+08:00  INFO 36548 --- [service-gateway] [main] o.s.boot.tomcat.TomcatWebServer          : Tomcat started on port 8080 (http) with context path '/'
2026-09-21T12:09:41.269+08:00  INFO 36548 --- [service-gateway] [main] c.a.nacos.client.logging.NacosLogging    : Nacos Logging Adapter Builder: com.alibaba.nacos.logger.adapter.logback14.LogbackNacosLoggingAdapterBuilder
2026-09-21T12:09:41.269+08:00  INFO 36548 --- [service-gateway] [Thread-3] c.a.n.c.a.r.identify.CredentialWatcher   : null No credential found
2026-09-21T12:09:41.274+08:00  INFO 36548 --- [service-gateway] [main] c.a.nacos.client.logging.NacosLogging    : Nacos Logging Adapter: com.alibaba.nacos.logger.adapter.logback14.LogbackNacosLoggingAdapter match ch.qos.logback.classic.Logger success.
2026-09-21T12:09:41.275+08:00  INFO 36548 --- [service-gateway] [main] c.a.nacos.client.logging.NacosLogging    : Nacos Logging Adapter Builder: com.alibaba.nacos.logger.adapter.log4j2.Log4j2NacosLoggingAdapterBuilder
2026-09-21T12:09:41.522+08:00  INFO 36548 --- [service-gateway] [main] c.a.n.p.a.s.c.ClientAuthPluginManager    : [ClientAuthPluginManager] Load ClientAuthService com.alibaba.nacos.client.auth.impl.NacosClientAuthServiceImpl success.
2026-09-21T12:09:41.523+08:00  INFO 36548 --- [service-gateway] [main] c.a.n.p.a.s.c.ClientAuthPluginManager    : [ClientAuthPluginManager] Load ClientAuthService com.alibaba.nacos.client.auth.ram.RamClientAuthServiceImpl success.
2026-09-21T12:09:42.490+08:00  INFO 36548 --- [service-gateway] [main] c.a.n.c.a.AbstractAbilityControlManager  : Ready to get current node abilities...
2026-09-21T12:09:42.496+08:00  INFO 36548 --- [service-gateway] [main] c.a.n.c.a.AbstractAbilityControlManager  : Ready to initialize current node abilities, support modes: [SDK_CLIENT]
2026-09-21T12:09:42.498+08:00  INFO 36548 --- [service-gateway] [main] c.a.n.c.a.AbstractAbilityControlManager  : Initialize current abilities finish...
2026-09-21T12:09:42.500+08:00  INFO 36548 --- [service-gateway] [main] c.a.n.c.a.d.NacosAbilityManagerHolder    : [AbilityControlManager] Successfully initialize AbilityControlManager
2026-09-21T12:09:42.615+08:00  INFO 36548 --- [service-gateway] [main] c.a.c.n.registry.NacosServiceRegistry    : nacos registry, DEFAULT_GROUP service-gateway 192.168.1.129:8080 register finished
2026-09-21T12:09:42.648+08:00  INFO 36548 --- [service-gateway] [main] com.jwy.scd.gateway.GatewayApplication   : Started GatewayApplication in 7.533 seconds (process running for 8.399)
2026-09-21T12:09:42.657+08:00  WARN 36548 --- [service-gateway] [main] o.s.core.events.SpringDocAppInitializer  : SpringDoc /v3/api-docs endpoint is enabled by default. To disable it in production, set the property 'springdoc.api-docs.enabled=false'
2026-09-21T12:10:35.585+08:00  INFO 36548 --- [service-gateway] [http-nio-8080-exec-5] o.a.c.c.C.[Tomcat].[localhost].[/]       : Initializing Spring DispatcherServlet 'dispatcherServlet'
2026-09-21T12:10:35.585+08:00  INFO 36548 --- [service-gateway] [http-nio-8080-exec-5] o.s.web.servlet.DispatcherServlet        : Initializing Servlet 'dispatcherServlet'
2026-09-21T12:10:35.586+08:00  INFO 36548 --- [service-gateway] [http-nio-8080-exec-5] o.s.web.servlet.DispatcherServlet        : Completed initialization in 1 ms


===== start service-gateway @ 2026-09-21 12:50:37 =====2026-09-21T12:50:40.102+08:00  INFO 26424 --- [service-gateway] [main] com.jwy.scd.gateway.GatewayApplication   : Starting GatewayApplication v0.0.1-SNAPSHOT using Java 21.0.12.1 with PID 26424 (E:\Data\projects\springcloud-demo\service-gateway\target\service-gateway-0.0.1-SNAPSHOT.jar started by jiang in c:\windows\system32\driverstore\filerepository\ntprint.inf_amd64_7ec90cac1a11fca1\amd64)
2026-09-21T12:50:40.108+08:00  INFO 26424 --- [service-gateway] [main] com.jwy.scd.gateway.GatewayApplication   : No active profile set, falling back to 1 default profile: "default"
2026-09-21T12:50:41.144+08:00  INFO 26424 --- [service-gateway] [main] .s.d.r.c.RepositoryConfigurationDelegate : Multiple Spring Data modules found, entering strict repository configuration mode
2026-09-21T12:50:41.147+08:00  INFO 26424 --- [service-gateway] [main] .s.d.r.c.RepositoryConfigurationDelegate : Bootstrapping Spring Data Redis repositories in DEFAULT mode.
2026-09-21T12:50:41.191+08:00  INFO 26424 --- [service-gateway] [main] .s.d.r.c.RepositoryConfigurationDelegate : Finished Spring Data repository scanning in 18 ms. Found 0 Redis repository interfaces.
2026-09-21T12:50:41.505+08:00  INFO 26424 --- [service-gateway] [main] o.s.cloud.context.scope.GenericScope     : BeanFactory id=a5437e8e-3797-341c-9e60-afb60e01c38e
2026-09-21T12:50:41.865+08:00  INFO 26424 --- [service-gateway] [main] o.s.boot.tomcat.TomcatWebServer          : Tomcat initialized with port 8080 (http)
2026-09-21T12:50:41.892+08:00  INFO 26424 --- [service-gateway] [main] o.apache.catalina.core.StandardService   : Starting service [Tomcat]
2026-09-21T12:50:41.893+08:00  INFO 26424 --- [service-gateway] [main] o.apache.catalina.core.StandardEngine    : Starting Servlet engine: [Apache Tomcat/11.0.24]
2026-09-21T12:50:41.930+08:00  INFO 26424 --- [service-gateway] [main] b.w.c.s.WebApplicationContextInitializer : Root WebApplicationContext: initialization completed in 1752 ms
2026-09-21T12:50:43.413+08:00  WARN 26424 --- [service-gateway] [main] iguration$LoadBalancerCaffeineWarnLogger : Spring Cloud LoadBalancer is currently working with the default cache. While this cache implementation is useful for development and tests, it's recommended to use Caffeine cache in production.You can switch to using Caffeine cache, by adding it and org.springframework.cache.caffeine.CaffeineCacheManager to the classpath.
2026-09-21T12:50:43.454+08:00  INFO 26424 --- [service-gateway] [main] o.s.boot.tomcat.TomcatWebServer          : Tomcat started on port 8080 (http) with context path '/'
2026-09-21T12:50:43.465+08:00  INFO 26424 --- [service-gateway] [Thread-3] c.a.n.c.a.r.identify.CredentialWatcher   : null No credential found
2026-09-21T12:50:43.468+08:00  INFO 26424 --- [service-gateway] [main] c.a.nacos.client.logging.NacosLogging    : Nacos Logging Adapter Builder: com.alibaba.nacos.logger.adapter.logback14.LogbackNacosLoggingAdapterBuilder
2026-09-21T12:50:43.469+08:00  INFO 26424 --- [service-gateway] [main] c.a.nacos.client.logging.NacosLogging    : Nacos Logging Adapter: com.alibaba.nacos.logger.adapter.logback14.LogbackNacosLoggingAdapter match ch.qos.logback.classic.Logger success.
2026-09-21T12:50:43.469+08:00  INFO 26424 --- [service-gateway] [main] c.a.nacos.client.logging.NacosLogging    : Nacos Logging Adapter Builder: com.alibaba.nacos.logger.adapter.log4j2.Log4j2NacosLoggingAdapterBuilder
2026-09-21T12:50:43.595+08:00  INFO 26424 --- [service-gateway] [main] c.a.n.p.a.s.c.ClientAuthPluginManager    : [ClientAuthPluginManager] Load ClientAuthService com.alibaba.nacos.client.auth.impl.NacosClientAuthServiceImpl success.
2026-09-21T12:50:43.595+08:00  INFO 26424 --- [service-gateway] [main] c.a.n.p.a.s.c.ClientAuthPluginManager    : [ClientAuthPluginManager] Load ClientAuthService com.alibaba.nacos.client.auth.ram.RamClientAuthServiceImpl success.
2026-09-21T12:50:44.218+08:00  INFO 26424 --- [service-gateway] [main] c.a.n.c.a.AbstractAbilityControlManager  : Ready to get current node abilities...
2026-09-21T12:50:44.220+08:00  INFO 26424 --- [service-gateway] [main] c.a.n.c.a.AbstractAbilityControlManager  : Ready to initialize current node abilities, support modes: [SDK_CLIENT]
2026-09-21T12:50:44.220+08:00  INFO 26424 --- [service-gateway] [main] c.a.n.c.a.AbstractAbilityControlManager  : Initialize current abilities finish...
2026-09-21T12:50:44.220+08:00  INFO 26424 --- [service-gateway] [main] c.a.n.c.a.d.NacosAbilityManagerHolder    : [AbilityControlManager] Successfully initialize AbilityControlManager
2026-09-21T12:50:44.255+08:00  INFO 26424 --- [service-gateway] [main] c.a.c.n.registry.NacosServiceRegistry    : nacos registry, DEFAULT_GROUP service-gateway 192.168.1.129:8080 register finished
2026-09-21T12:50:44.275+08:00  INFO 26424 --- [service-gateway] [main] com.jwy.scd.gateway.GatewayApplication   : Started GatewayApplication in 4.867 seconds (process running for 5.619)
2026-09-21T12:50:44.280+08:00  WARN 26424 --- [service-gateway] [main] o.s.core.events.SpringDocAppInitializer  : SpringDoc /v3/api-docs endpoint is enabled by default. To disable it in production, set the property 'springdoc.api-docs.enabled=false'
2026-09-21T12:50:49.963+08:00  INFO 26424 --- [service-gateway] [http-nio-8080-exec-1] o.a.c.c.C.[Tomcat].[localhost].[/]       : Initializing Spring DispatcherServlet 'dispatcherServlet'
2026-09-21T12:50:49.963+08:00  INFO 26424 --- [service-gateway] [http-nio-8080-exec-1] o.s.web.servlet.DispatcherServlet        : Initializing Servlet 'dispatcherServlet'
2026-09-21T12:50:49.966+08:00  INFO 26424 --- [service-gateway] [http-nio-8080-exec-1] o.s.web.servlet.DispatcherServlet        : Completed initialization in 2 ms
