

===== start service-id-gen @ 2026-09-21 12:02:21 =====2026-09-21T12:02:23.750+08:00  INFO 11600 --- [service-id-gen] [main] c.jwy.scd.idgen.ServiceIdGenApplication  : Starting ServiceIdGenApplication v0.0.1-SNAPSHOT using Java 21.0.12.1 with PID 11600 (E:\Data\projects\springcloud-demo\service-id-gen\target\service-id-gen-0.0.1-SNAPSHOT.jar started by jiang in c:\windows\system32\driverstore\filerepository\ntprint.inf_amd64_7ec90cac1a11fca1\amd64)
2026-09-21T12:02:23.754+08:00  INFO 11600 --- [service-id-gen] [main] c.jwy.scd.idgen.ServiceIdGenApplication  : No active profile set, falling back to 1 default profile: "default"
2026-09-21T12:02:24.864+08:00  INFO 11600 --- [service-id-gen] [main] o.s.cloud.context.scope.GenericScope     : BeanFactory id=4b115470-e102-3e16-a08a-7cafcd631966
2026-09-21T12:02:25.297+08:00  INFO 11600 --- [service-id-gen] [main] o.s.boot.tomcat.TomcatWebServer          : Tomcat initialized with port 8085 (http)
2026-09-21T12:02:25.315+08:00  INFO 11600 --- [service-id-gen] [main] o.apache.catalina.core.StandardService   : Starting service [Tomcat]
2026-09-21T12:02:25.315+08:00  INFO 11600 --- [service-id-gen] [main] o.apache.catalina.core.StandardEngine    : Starting Servlet engine: [Apache Tomcat/11.0.24]
2026-09-21T12:02:25.347+08:00  INFO 11600 --- [service-id-gen] [main] b.w.c.s.WebApplicationContextInitializer : Root WebApplicationContext: initialization completed in 1513 ms
2026-09-21T12:02:26.352+08:00  INFO 11600 --- [service-id-gen] [main] m.e.s.MybatisPlusApplicationContextAware : Register ApplicationContext instances org.springframework.boot.web.server.servlet.context.AnnotationConfigServletWebServerApplicationContext@293d0107
2026-09-21T12:02:26.514+08:00  INFO 11600 --- [service-id-gen] [main] o.s.boot.tomcat.TomcatWebServer          : Tomcat started on port 8085 (http) with context path '/'
2026-09-21T12:02:26.526+08:00  INFO 11600 --- [service-id-gen] [Thread-3] c.a.n.c.a.r.identify.CredentialWatcher   : null No credential found
2026-09-21T12:02:26.528+08:00  INFO 11600 --- [service-id-gen] [main] c.a.nacos.client.logging.NacosLogging    : Nacos Logging Adapter Builder: com.alibaba.nacos.logger.adapter.logback14.LogbackNacosLoggingAdapterBuilder
2026-09-21T12:02:26.529+08:00  INFO 11600 --- [service-id-gen] [main] c.a.nacos.client.logging.NacosLogging    : Nacos Logging Adapter: com.alibaba.nacos.logger.adapter.logback14.LogbackNacosLoggingAdapter match ch.qos.logback.classic.Logger success.
2026-09-21T12:02:26.530+08:00  INFO 11600 --- [service-id-gen] [main] c.a.nacos.client.logging.NacosLogging    : Nacos Logging Adapter Builder: com.alibaba.nacos.logger.adapter.log4j2.Log4j2NacosLoggingAdapterBuilder
2026-09-21T12:02:26.668+08:00  INFO 11600 --- [service-id-gen] [main] c.a.n.p.a.s.c.ClientAuthPluginManager    : [ClientAuthPluginManager] Load ClientAuthService com.alibaba.nacos.client.auth.impl.NacosClientAuthServiceImpl success.
2026-09-21T12:02:26.669+08:00  INFO 11600 --- [service-id-gen] [main] c.a.n.p.a.s.c.ClientAuthPluginManager    : [ClientAuthPluginManager] Load ClientAuthService com.alibaba.nacos.client.auth.ram.RamClientAuthServiceImpl success.
2026-09-21T12:02:27.351+08:00  INFO 11600 --- [service-id-gen] [main] c.a.n.c.a.AbstractAbilityControlManager  : Ready to get current node abilities...
2026-09-21T12:02:27.354+08:00  INFO 11600 --- [service-id-gen] [main] c.a.n.c.a.AbstractAbilityControlManager  : Ready to initialize current node abilities, support modes: [SDK_CLIENT]
2026-09-21T12:02:27.355+08:00  INFO 11600 --- [service-id-gen] [main] c.a.n.c.a.AbstractAbilityControlManager  : Initialize current abilities finish...
2026-09-21T12:02:27.355+08:00  INFO 11600 --- [service-id-gen] [main] c.a.n.c.a.d.NacosAbilityManagerHolder    : [AbilityControlManager] Successfully initialize AbilityControlManager
2026-09-21T12:02:27.396+08:00  INFO 11600 --- [service-id-gen] [main] c.a.c.n.registry.NacosServiceRegistry    : nacos registry, DEFAULT_GROUP service-id-gen 192.168.1.129:8085 register finished
2026-09-21T12:02:27.409+08:00  INFO 11600 --- [service-id-gen] [main] c.jwy.scd.idgen.ServiceIdGenApplication  : Started ServiceIdGenApplication in 4.297 seconds (process running for 4.917)
2026-09-21T12:02:27.424+08:00  INFO 11600 --- [service-id-gen] [main] com.zaxxer.hikari.HikariDataSource       : HikariPool-1 - Starting...
2026-09-21T12:02:27.608+08:00  INFO 11600 --- [service-id-gen] [main] com.zaxxer.hikari.pool.HikariPool        : HikariPool-1 - Added connection com.mysql.cj.jdbc.ConnectionImpl@36b761e3
2026-09-21T12:02:27.609+08:00  INFO 11600 --- [service-id-gen] [main] com.zaxxer.hikari.HikariDataSource       : HikariPool-1 - Start completed.
2026-09-21T12:02:27.669+08:00  INFO 11600 --- [service-id-gen] [main] com.jwy.scd.idgen.service.SegmentIdGen   : [id-gen] 初始化服务端号段缓冲：bizTag=order, 首段=[4001, 6000] 剩余 2000/2000
2026-09-21T12:02:27.674+08:00  INFO 11600 --- [service-id-gen] [main] com.jwy.scd.idgen.service.SegmentIdGen   : [id-gen] 预热完成：bizTag=order, SegmentBuffer{bizTag=order, current=[4001, 6000] 剩余 2000/2000, next=null, issued=0}
2026-09-21T12:02:27.676+08:00  INFO 11600 --- [service-id-gen] [main] c.j.scd.idgen.support.IdGenWarmUpRunner  : [id-gen] 启动预热结束，耗时 264 ms
2026-09-21T12:02:27.677+08:00  WARN 11600 --- [service-id-gen] [main] o.s.core.events.SpringDocAppInitializer  : SpringDoc /v3/api-docs endpoint is enabled by default. To disable it in production, set the property 'springdoc.api-docs.enabled=false'
2026-09-21T12:02:27.677+08:00  WARN 11600 --- [service-id-gen] [main] o.s.core.events.SpringDocAppInitializer  : SpringDoc /swagger-ui.html endpoint is enabled by default. To disable it in production, set the property 'springdoc.swagger-ui.enabled=false'
2026-09-21T12:02:52.259+08:00  INFO 11600 --- [service-id-gen] [http-nio-8085-exec-3] o.a.c.c.C.[Tomcat].[localhost].[/]       : Initializing Spring DispatcherServlet 'dispatcherServlet'
2026-09-21T12:02:52.259+08:00  INFO 11600 --- [service-id-gen] [http-nio-8085-exec-3] o.s.web.servlet.DispatcherServlet        : Initializing Servlet 'dispatcherServlet'
2026-09-21T12:02:52.260+08:00  INFO 11600 --- [service-id-gen] [http-nio-8085-exec-3] o.s.web.servlet.DispatcherServlet        : Completed initialization in 1 ms


===== start service-id-gen @ 2026-09-21 12:07:32 =====2026-09-21T12:07:34.266+08:00  INFO 38428 --- [service-id-gen] [main] c.jwy.scd.idgen.ServiceIdGenApplication  : Starting ServiceIdGenApplication v0.0.1-SNAPSHOT using Java 21.0.12.1 with PID 38428 (E:\Data\projects\springcloud-demo\service-id-gen\target\service-id-gen-0.0.1-SNAPSHOT.jar started by jiang in c:\windows\system32\driverstore\filerepository\ntprint.inf_amd64_7ec90cac1a11fca1\amd64)
2026-09-21T12:07:34.275+08:00  INFO 38428 --- [service-id-gen] [main] c.jwy.scd.idgen.ServiceIdGenApplication  : No active profile set, falling back to 1 default profile: "default"
2026-09-21T12:07:35.409+08:00  INFO 38428 --- [service-id-gen] [main] o.s.cloud.context.scope.GenericScope     : BeanFactory id=4b115470-e102-3e16-a08a-7cafcd631966
2026-09-21T12:07:35.813+08:00  INFO 38428 --- [service-id-gen] [main] o.s.boot.tomcat.TomcatWebServer          : Tomcat initialized with port 8085 (http)
2026-09-21T12:07:35.830+08:00  INFO 38428 --- [service-id-gen] [main] o.apache.catalina.core.StandardService   : Starting service [Tomcat]
2026-09-21T12:07:35.831+08:00  INFO 38428 --- [service-id-gen] [main] o.apache.catalina.core.StandardEngine    : Starting Servlet engine: [Apache Tomcat/11.0.24]
2026-09-21T12:07:35.873+08:00  INFO 38428 --- [service-id-gen] [main] b.w.c.s.WebApplicationContextInitializer : Root WebApplicationContext: initialization completed in 1518 ms
2026-09-21T12:07:36.648+08:00  INFO 38428 --- [service-id-gen] [main] m.e.s.MybatisPlusApplicationContextAware : Register ApplicationContext instances org.springframework.boot.web.server.servlet.context.AnnotationConfigServletWebServerApplicationContext@293d0107
2026-09-21T12:07:36.812+08:00  INFO 38428 --- [service-id-gen] [main] o.s.boot.tomcat.TomcatWebServer          : Tomcat started on port 8085 (http) with context path '/'
2026-09-21T12:07:36.825+08:00  INFO 38428 --- [service-id-gen] [Thread-3] c.a.n.c.a.r.identify.CredentialWatcher   : null No credential found
2026-09-21T12:07:36.828+08:00  INFO 38428 --- [service-id-gen] [main] c.a.nacos.client.logging.NacosLogging    : Nacos Logging Adapter Builder: com.alibaba.nacos.logger.adapter.logback14.LogbackNacosLoggingAdapterBuilder
2026-09-21T12:07:36.829+08:00  INFO 38428 --- [service-id-gen] [main] c.a.nacos.client.logging.NacosLogging    : Nacos Logging Adapter: com.alibaba.nacos.logger.adapter.logback14.LogbackNacosLoggingAdapter match ch.qos.logback.classic.Logger success.
2026-09-21T12:07:36.830+08:00  INFO 38428 --- [service-id-gen] [main] c.a.nacos.client.logging.NacosLogging    : Nacos Logging Adapter Builder: com.alibaba.nacos.logger.adapter.log4j2.Log4j2NacosLoggingAdapterBuilder
2026-09-21T12:07:36.980+08:00  INFO 38428 --- [service-id-gen] [main] c.a.n.p.a.s.c.ClientAuthPluginManager    : [ClientAuthPluginManager] Load ClientAuthService com.alibaba.nacos.client.auth.impl.NacosClientAuthServiceImpl success.
2026-09-21T12:07:36.980+08:00  INFO 38428 --- [service-id-gen] [main] c.a.n.p.a.s.c.ClientAuthPluginManager    : [ClientAuthPluginManager] Load ClientAuthService com.alibaba.nacos.client.auth.ram.RamClientAuthServiceImpl success.
2026-09-21T12:07:37.642+08:00  INFO 38428 --- [service-id-gen] [main] c.a.n.c.a.AbstractAbilityControlManager  : Ready to get current node abilities...
2026-09-21T12:07:37.644+08:00  INFO 38428 --- [service-id-gen] [main] c.a.n.c.a.AbstractAbilityControlManager  : Ready to initialize current node abilities, support modes: [SDK_CLIENT]
2026-09-21T12:07:37.645+08:00  INFO 38428 --- [service-id-gen] [main] c.a.n.c.a.AbstractAbilityControlManager  : Initialize current abilities finish...
2026-09-21T12:07:37.645+08:00  INFO 38428 --- [service-id-gen] [main] c.a.n.c.a.d.NacosAbilityManagerHolder    : [AbilityControlManager] Successfully initialize AbilityControlManager
2026-09-21T12:07:37.674+08:00  INFO 38428 --- [service-id-gen] [main] c.a.c.n.registry.NacosServiceRegistry    : nacos registry, DEFAULT_GROUP service-id-gen 192.168.1.129:8085 register finished
2026-09-21T12:07:37.685+08:00  INFO 38428 --- [service-id-gen] [main] c.jwy.scd.idgen.ServiceIdGenApplication  : Started ServiceIdGenApplication in 4.098 seconds (process running for 4.703)
2026-09-21T12:07:37.699+08:00  INFO 38428 --- [service-id-gen] [main] com.zaxxer.hikari.HikariDataSource       : HikariPool-1 - Starting...
2026-09-21T12:07:37.842+08:00  INFO 38428 --- [service-id-gen] [main] com.zaxxer.hikari.pool.HikariPool        : HikariPool-1 - Added connection com.mysql.cj.jdbc.ConnectionImpl@31c56721
2026-09-21T12:07:37.843+08:00  INFO 38428 --- [service-id-gen] [main] com.zaxxer.hikari.HikariDataSource       : HikariPool-1 - Start completed.
2026-09-21T12:07:37.904+08:00  INFO 38428 --- [service-id-gen] [main] com.jwy.scd.idgen.service.SegmentIdGen   : [id-gen] 初始化服务端号段缓冲：bizTag=order, 首段=[108001, 110000] 剩余 2000/2000
2026-09-21T12:07:37.908+08:00  INFO 38428 --- [service-id-gen] [main] com.jwy.scd.idgen.service.SegmentIdGen   : [id-gen] 预热完成：bizTag=order, SegmentBuffer{bizTag=order, current=[108001, 110000] 剩余 2000/2000, next=null, issued=0}
2026-09-21T12:07:37.909+08:00  INFO 38428 --- [service-id-gen] [main] c.j.scd.idgen.support.IdGenWarmUpRunner  : [id-gen] 启动预热结束，耗时 221 ms
2026-09-21T12:07:37.910+08:00  WARN 38428 --- [service-id-gen] [main] o.s.core.events.SpringDocAppInitializer  : SpringDoc /v3/api-docs endpoint is enabled by default. To disable it in production, set the property 'springdoc.api-docs.enabled=false'
2026-09-21T12:07:37.910+08:00  WARN 38428 --- [service-id-gen] [main] o.s.core.events.SpringDocAppInitializer  : SpringDoc /swagger-ui.html endpoint is enabled by default. To disable it in production, set the property 'springdoc.swagger-ui.enabled=false'


===== start service-id-gen @ 2026-09-21 12:09:39 =====2026-09-21T12:09:42.714+08:00  INFO 40412 --- [service-id-gen] [main] c.jwy.scd.idgen.ServiceIdGenApplication  : Starting ServiceIdGenApplication v0.0.1-SNAPSHOT using Java 21.0.12.1 with PID 40412 (E:\Data\projects\springcloud-demo\service-id-gen\target\service-id-gen-0.0.1-SNAPSHOT.jar started by jiang in c:\windows\system32\driverstore\filerepository\ntprint.inf_amd64_7ec90cac1a11fca1\amd64)
2026-09-21T12:09:42.729+08:00  INFO 40412 --- [service-id-gen] [main] c.jwy.scd.idgen.ServiceIdGenApplication  : No active profile set, falling back to 1 default profile: "default"
2026-09-21T12:09:43.935+08:00  INFO 40412 --- [service-id-gen] [main] o.s.cloud.context.scope.GenericScope     : BeanFactory id=4b115470-e102-3e16-a08a-7cafcd631966
2026-09-21T12:09:44.312+08:00  INFO 40412 --- [service-id-gen] [main] o.s.boot.tomcat.TomcatWebServer          : Tomcat initialized with port 8085 (http)
2026-09-21T12:09:44.329+08:00  INFO 40412 --- [service-id-gen] [main] o.apache.catalina.core.StandardService   : Starting service [Tomcat]
2026-09-21T12:09:44.329+08:00  INFO 40412 --- [service-id-gen] [main] o.apache.catalina.core.StandardEngine    : Starting Servlet engine: [Apache Tomcat/11.0.24]
2026-09-21T12:09:44.361+08:00  INFO 40412 --- [service-id-gen] [main] b.w.c.s.WebApplicationContextInitializer : Root WebApplicationContext: initialization completed in 1519 ms
2026-09-21T12:09:45.022+08:00  INFO 40412 --- [service-id-gen] [main] m.e.s.MybatisPlusApplicationContextAware : Register ApplicationContext instances org.springframework.boot.web.server.servlet.context.AnnotationConfigServletWebServerApplicationContext@293d0107
2026-09-21T12:09:45.183+08:00  INFO 40412 --- [service-id-gen] [main] o.s.boot.tomcat.TomcatWebServer          : Tomcat started on port 8085 (http) with context path '/'
2026-09-21T12:09:45.193+08:00  INFO 40412 --- [service-id-gen] [Thread-3] c.a.n.c.a.r.identify.CredentialWatcher   : null No credential found
2026-09-21T12:09:45.197+08:00  INFO 40412 --- [service-id-gen] [main] c.a.nacos.client.logging.NacosLogging    : Nacos Logging Adapter Builder: com.alibaba.nacos.logger.adapter.logback14.LogbackNacosLoggingAdapterBuilder
2026-09-21T12:09:45.198+08:00  INFO 40412 --- [service-id-gen] [main] c.a.nacos.client.logging.NacosLogging    : Nacos Logging Adapter: com.alibaba.nacos.logger.adapter.logback14.LogbackNacosLoggingAdapter match ch.qos.logback.classic.Logger success.
2026-09-21T12:09:45.199+08:00  INFO 40412 --- [service-id-gen] [main] c.a.nacos.client.logging.NacosLogging    : Nacos Logging Adapter Builder: com.alibaba.nacos.logger.adapter.log4j2.Log4j2NacosLoggingAdapterBuilder
2026-09-21T12:09:45.342+08:00  INFO 40412 --- [service-id-gen] [main] c.a.n.p.a.s.c.ClientAuthPluginManager    : [ClientAuthPluginManager] Load ClientAuthService com.alibaba.nacos.client.auth.impl.NacosClientAuthServiceImpl success.
2026-09-21T12:09:45.342+08:00  INFO 40412 --- [service-id-gen] [main] c.a.n.p.a.s.c.ClientAuthPluginManager    : [ClientAuthPluginManager] Load ClientAuthService com.alibaba.nacos.client.auth.ram.RamClientAuthServiceImpl success.
2026-09-21T12:09:46.048+08:00  INFO 40412 --- [service-id-gen] [main] c.a.n.c.a.AbstractAbilityControlManager  : Ready to get current node abilities...
2026-09-21T12:09:46.050+08:00  INFO 40412 --- [service-id-gen] [main] c.a.n.c.a.AbstractAbilityControlManager  : Ready to initialize current node abilities, support modes: [SDK_CLIENT]
2026-09-21T12:09:46.051+08:00  INFO 40412 --- [service-id-gen] [main] c.a.n.c.a.AbstractAbilityControlManager  : Initialize current abilities finish...
2026-09-21T12:09:46.051+08:00  INFO 40412 --- [service-id-gen] [main] c.a.n.c.a.d.NacosAbilityManagerHolder    : [AbilityControlManager] Successfully initialize AbilityControlManager
2026-09-21T12:09:46.092+08:00  INFO 40412 --- [service-id-gen] [main] c.a.c.n.registry.NacosServiceRegistry    : nacos registry, DEFAULT_GROUP service-id-gen 192.168.1.129:8085 register finished
2026-09-21T12:09:46.102+08:00  INFO 40412 --- [service-id-gen] [main] c.jwy.scd.idgen.ServiceIdGenApplication  : Started ServiceIdGenApplication in 4.281 seconds (process running for 5.219)
2026-09-21T12:09:46.116+08:00  INFO 40412 --- [service-id-gen] [main] com.zaxxer.hikari.HikariDataSource       : HikariPool-1 - Starting...
2026-09-21T12:09:46.280+08:00  INFO 40412 --- [service-id-gen] [main] com.zaxxer.hikari.pool.HikariPool        : HikariPool-1 - Added connection com.mysql.cj.jdbc.ConnectionImpl@2a8e30e3
2026-09-21T12:09:46.282+08:00  INFO 40412 --- [service-id-gen] [main] com.zaxxer.hikari.HikariDataSource       : HikariPool-1 - Start completed.
2026-09-21T12:09:46.384+08:00  INFO 40412 --- [service-id-gen] [main] com.jwy.scd.idgen.service.SegmentIdGen   : [id-gen] 初始化服务端号段缓冲：bizTag=demo, 首段=[4001, 6000] 剩余 2000/2000
2026-09-21T12:09:46.388+08:00  INFO 40412 --- [service-id-gen] [main] com.jwy.scd.idgen.service.SegmentIdGen   : [id-gen] 预热完成：bizTag=demo, SegmentBuffer{bizTag=demo, current=[4001, 6000] 剩余 2000/2000, next=null, issued=0}
2026-09-21T12:09:46.410+08:00  INFO 40412 --- [service-id-gen] [main] com.jwy.scd.idgen.service.SegmentIdGen   : [id-gen] 初始化服务端号段缓冲：bizTag=order, 首段=[314001, 414000] 剩余 100000/100000
2026-09-21T12:09:46.410+08:00  INFO 40412 --- [service-id-gen] [main] com.jwy.scd.idgen.service.SegmentIdGen   : [id-gen] 预热完成：bizTag=order, SegmentBuffer{bizTag=order, current=[314001, 414000] 剩余 100000/100000, next=null, issued=0}
2026-09-21T12:09:46.411+08:00  INFO 40412 --- [service-id-gen] [main] c.j.scd.idgen.support.IdGenWarmUpRunner  : [id-gen] 启动预热结束，耗时 306 ms
2026-09-21T12:09:46.412+08:00  WARN 40412 --- [service-id-gen] [main] o.s.core.events.SpringDocAppInitializer  : SpringDoc /v3/api-docs endpoint is enabled by default. To disable it in production, set the property 'springdoc.api-docs.enabled=false'
2026-09-21T12:09:46.412+08:00  WARN 40412 --- [service-id-gen] [main] o.s.core.events.SpringDocAppInitializer  : SpringDoc /swagger-ui.html endpoint is enabled by default. To disable it in production, set the property 'springdoc.swagger-ui.enabled=false'
2026-09-21T12:10:00.611+08:00  INFO 40412 --- [service-id-gen] [http-nio-8085-exec-5] o.a.c.c.C.[Tomcat].[localhost].[/]       : Initializing Spring DispatcherServlet 'dispatcherServlet'
2026-09-21T12:10:00.611+08:00  INFO 40412 --- [service-id-gen] [http-nio-8085-exec-5] o.s.web.servlet.DispatcherServlet        : Initializing Servlet 'dispatcherServlet'
2026-09-21T12:10:00.613+08:00  INFO 40412 --- [service-id-gen] [http-nio-8085-exec-5] o.s.web.servlet.DispatcherServlet        : Completed initialization in 2 ms


===== start service-id-gen @ 2026-09-21 12:11:06 =====2026-09-21T12:11:08.239+08:00  INFO 22912 --- [service-id-gen] [main] c.jwy.scd.idgen.ServiceIdGenApplication  : Starting ServiceIdGenApplication v0.0.1-SNAPSHOT using Java 21.0.12.1 with PID 22912 (E:\Data\projects\springcloud-demo\service-id-gen\target\service-id-gen-0.0.1-SNAPSHOT.jar started by jiang in c:\windows\system32\driverstore\filerepository\ntprint.inf_amd64_7ec90cac1a11fca1\amd64)
2026-09-21T12:11:08.244+08:00  INFO 22912 --- [service-id-gen] [main] c.jwy.scd.idgen.ServiceIdGenApplication  : No active profile set, falling back to 1 default profile: "default"
2026-09-21T12:11:09.345+08:00  INFO 22912 --- [service-id-gen] [main] o.s.cloud.context.scope.GenericScope     : BeanFactory id=4b115470-e102-3e16-a08a-7cafcd631966
2026-09-21T12:11:09.740+08:00  INFO 22912 --- [service-id-gen] [main] o.s.boot.tomcat.TomcatWebServer          : Tomcat initialized with port 8085 (http)
2026-09-21T12:11:09.757+08:00  INFO 22912 --- [service-id-gen] [main] o.apache.catalina.core.StandardService   : Starting service [Tomcat]
2026-09-21T12:11:09.757+08:00  INFO 22912 --- [service-id-gen] [main] o.apache.catalina.core.StandardEngine    : Starting Servlet engine: [Apache Tomcat/11.0.24]
2026-09-21T12:11:09.797+08:00  INFO 22912 --- [service-id-gen] [main] b.w.c.s.WebApplicationContextInitializer : Root WebApplicationContext: initialization completed in 1476 ms
2026-09-21T12:11:10.476+08:00  INFO 22912 --- [service-id-gen] [main] m.e.s.MybatisPlusApplicationContextAware : Register ApplicationContext instances org.springframework.boot.web.server.servlet.context.AnnotationConfigServletWebServerApplicationContext@293d0107
2026-09-21T12:11:10.644+08:00  INFO 22912 --- [service-id-gen] [main] o.s.boot.tomcat.TomcatWebServer          : Tomcat started on port 8085 (http) with context path '/'
2026-09-21T12:11:10.657+08:00  INFO 22912 --- [service-id-gen] [Thread-3] c.a.n.c.a.r.identify.CredentialWatcher   : null No credential found
2026-09-21T12:11:10.660+08:00  INFO 22912 --- [service-id-gen] [main] c.a.nacos.client.logging.NacosLogging    : Nacos Logging Adapter Builder: com.alibaba.nacos.logger.adapter.logback14.LogbackNacosLoggingAdapterBuilder
2026-09-21T12:11:10.661+08:00  INFO 22912 --- [service-id-gen] [main] c.a.nacos.client.logging.NacosLogging    : Nacos Logging Adapter: com.alibaba.nacos.logger.adapter.logback14.LogbackNacosLoggingAdapter match ch.qos.logback.classic.Logger success.
2026-09-21T12:11:10.662+08:00  INFO 22912 --- [service-id-gen] [main] c.a.nacos.client.logging.NacosLogging    : Nacos Logging Adapter Builder: com.alibaba.nacos.logger.adapter.log4j2.Log4j2NacosLoggingAdapterBuilder
2026-09-21T12:11:10.800+08:00  INFO 22912 --- [service-id-gen] [main] c.a.n.p.a.s.c.ClientAuthPluginManager    : [ClientAuthPluginManager] Load ClientAuthService com.alibaba.nacos.client.auth.impl.NacosClientAuthServiceImpl success.
2026-09-21T12:11:10.800+08:00  INFO 22912 --- [service-id-gen] [main] c.a.n.p.a.s.c.ClientAuthPluginManager    : [ClientAuthPluginManager] Load ClientAuthService com.alibaba.nacos.client.auth.ram.RamClientAuthServiceImpl success.
2026-09-21T12:11:11.473+08:00  INFO 22912 --- [service-id-gen] [main] c.a.n.c.a.AbstractAbilityControlManager  : Ready to get current node abilities...
2026-09-21T12:11:11.475+08:00  INFO 22912 --- [service-id-gen] [main] c.a.n.c.a.AbstractAbilityControlManager  : Ready to initialize current node abilities, support modes: [SDK_CLIENT]
2026-09-21T12:11:11.475+08:00  INFO 22912 --- [service-id-gen] [main] c.a.n.c.a.AbstractAbilityControlManager  : Initialize current abilities finish...
2026-09-21T12:11:11.477+08:00  INFO 22912 --- [service-id-gen] [main] c.a.n.c.a.d.NacosAbilityManagerHolder    : [AbilityControlManager] Successfully initialize AbilityControlManager
2026-09-21T12:11:11.506+08:00  INFO 22912 --- [service-id-gen] [main] c.a.c.n.registry.NacosServiceRegistry    : nacos registry, DEFAULT_GROUP service-id-gen 192.168.1.129:8085 register finished
2026-09-21T12:11:11.516+08:00  INFO 22912 --- [service-id-gen] [main] c.jwy.scd.idgen.ServiceIdGenApplication  : Started ServiceIdGenApplication in 3.953 seconds (process running for 4.568)
2026-09-21T12:11:11.531+08:00  INFO 22912 --- [service-id-gen] [main] com.zaxxer.hikari.HikariDataSource       : HikariPool-1 - Starting...
2026-09-21T12:11:11.668+08:00  INFO 22912 --- [service-id-gen] [main] com.zaxxer.hikari.pool.HikariPool        : HikariPool-1 - Added connection com.mysql.cj.jdbc.ConnectionImpl@73dd0f23
2026-09-21T12:11:11.670+08:00  INFO 22912 --- [service-id-gen] [main] com.zaxxer.hikari.HikariDataSource       : HikariPool-1 - Start completed.
2026-09-21T12:11:11.743+08:00  INFO 22912 --- [service-id-gen] [main] com.jwy.scd.idgen.service.SegmentIdGen   : [id-gen] 初始化服务端号段缓冲：bizTag=demo, 首段=[104001, 106000] 剩余 2000/2000
2026-09-21T12:11:11.746+08:00  INFO 22912 --- [service-id-gen] [main] com.jwy.scd.idgen.service.SegmentIdGen   : [id-gen] 预热完成：bizTag=demo, SegmentBuffer{bizTag=demo, current=[104001, 106000] 剩余 2000/2000, next=null, issued=0}
2026-09-21T12:11:11.788+08:00  INFO 22912 --- [service-id-gen] [main] com.jwy.scd.idgen.service.SegmentIdGen   : [id-gen] 初始化服务端号段缓冲：bizTag=order, 首段=[814001, 914000] 剩余 100000/100000
2026-09-21T12:11:11.789+08:00  INFO 22912 --- [service-id-gen] [main] com.jwy.scd.idgen.service.SegmentIdGen   : [id-gen] 预热完成：bizTag=order, SegmentBuffer{bizTag=order, current=[814001, 914000] 剩余 100000/100000, next=null, issued=0}
2026-09-21T12:11:11.789+08:00  INFO 22912 --- [service-id-gen] [main] c.j.scd.idgen.support.IdGenWarmUpRunner  : [id-gen] 启动预热结束，耗时 270 ms
2026-09-21T12:11:11.790+08:00  WARN 22912 --- [service-id-gen] [main] o.s.core.events.SpringDocAppInitializer  : SpringDoc /v3/api-docs endpoint is enabled by default. To disable it in production, set the property 'springdoc.api-docs.enabled=false'
2026-09-21T12:11:11.790+08:00  WARN 22912 --- [service-id-gen] [main] o.s.core.events.SpringDocAppInitializer  : SpringDoc /swagger-ui.html endpoint is enabled by default. To disable it in production, set the property 'springdoc.swagger-ui.enabled=false'
2026-09-21T12:11:13.708+08:00  INFO 22912 --- [service-id-gen] [http-nio-8085-exec-2] o.a.c.c.C.[Tomcat].[localhost].[/]       : Initializing Spring DispatcherServlet 'dispatcherServlet'
2026-09-21T12:11:13.709+08:00  INFO 22912 --- [service-id-gen] [http-nio-8085-exec-2] o.s.web.servlet.DispatcherServlet        : Initializing Servlet 'dispatcherServlet'
2026-09-21T12:11:13.710+08:00  INFO 22912 --- [service-id-gen] [http-nio-8085-exec-2] o.s.web.servlet.DispatcherServlet        : Completed initialization in 1 ms


===== start service-id-gen @ 2026-09-21 12:52:04 =====2026-09-21T12:52:07.934+08:00  INFO 7472 --- [service-id-gen] [main] c.jwy.scd.idgen.ServiceIdGenApplication  : Starting ServiceIdGenApplication v0.0.1-SNAPSHOT using Java 21.0.12.1 with PID 7472 (E:\Data\projects\springcloud-demo\service-id-gen\target\service-id-gen-0.0.1-SNAPSHOT.jar started by jiang in c:\windows\system32\driverstore\filerepository\ntprint.inf_amd64_7ec90cac1a11fca1\amd64)
2026-09-21T12:52:07.944+08:00  INFO 7472 --- [service-id-gen] [main] c.jwy.scd.idgen.ServiceIdGenApplication  : No active profile set, falling back to 1 default profile: "default"
2026-09-21T12:52:10.748+08:00  INFO 7472 --- [service-id-gen] [main] o.s.cloud.context.scope.GenericScope     : BeanFactory id=4b115470-e102-3e16-a08a-7cafcd631966
2026-09-21T12:52:11.493+08:00  INFO 7472 --- [service-id-gen] [main] o.s.boot.tomcat.TomcatWebServer          : Tomcat initialized with port 8085 (http)
2026-09-21T12:52:11.523+08:00  INFO 7472 --- [service-id-gen] [main] o.apache.catalina.core.StandardService   : Starting service [Tomcat]
2026-09-21T12:52:11.526+08:00  INFO 7472 --- [service-id-gen] [main] o.apache.catalina.core.StandardEngine    : Starting Servlet engine: [Apache Tomcat/11.0.24]
2026-09-21T12:52:11.640+08:00  INFO 7472 --- [service-id-gen] [main] b.w.c.s.WebApplicationContextInitializer : Root WebApplicationContext: initialization completed in 3525 ms
2026-09-21T12:52:12.550+08:00  INFO 7472 --- [service-id-gen] [main] m.e.s.MybatisPlusApplicationContextAware : Register ApplicationContext instances org.springframework.boot.web.server.servlet.context.AnnotationConfigServletWebServerApplicationContext@293d0107
2026-09-21T12:52:12.751+08:00  INFO 7472 --- [service-id-gen] [main] o.s.boot.tomcat.TomcatWebServer          : Tomcat started on port 8085 (http) with context path '/'
2026-09-21T12:52:12.763+08:00  INFO 7472 --- [service-id-gen] [Thread-3] c.a.n.c.a.r.identify.CredentialWatcher   : null No credential found
2026-09-21T12:52:12.767+08:00  INFO 7472 --- [service-id-gen] [main] c.a.nacos.client.logging.NacosLogging    : Nacos Logging Adapter Builder: com.alibaba.nacos.logger.adapter.logback14.LogbackNacosLoggingAdapterBuilder
2026-09-21T12:52:12.768+08:00  INFO 7472 --- [service-id-gen] [main] c.a.nacos.client.logging.NacosLogging    : Nacos Logging Adapter: com.alibaba.nacos.logger.adapter.logback14.LogbackNacosLoggingAdapter match ch.qos.logback.classic.Logger success.
2026-09-21T12:52:12.769+08:00  INFO 7472 --- [service-id-gen] [main] c.a.nacos.client.logging.NacosLogging    : Nacos Logging Adapter Builder: com.alibaba.nacos.logger.adapter.log4j2.Log4j2NacosLoggingAdapterBuilder
2026-09-21T12:52:12.906+08:00  INFO 7472 --- [service-id-gen] [main] c.a.n.p.a.s.c.ClientAuthPluginManager    : [ClientAuthPluginManager] Load ClientAuthService com.alibaba.nacos.client.auth.impl.NacosClientAuthServiceImpl success.
2026-09-21T12:52:12.907+08:00  INFO 7472 --- [service-id-gen] [main] c.a.n.p.a.s.c.ClientAuthPluginManager    : [ClientAuthPluginManager] Load ClientAuthService com.alibaba.nacos.client.auth.ram.RamClientAuthServiceImpl success.
2026-09-21T12:52:13.553+08:00  INFO 7472 --- [service-id-gen] [main] c.a.n.c.a.AbstractAbilityControlManager  : Ready to get current node abilities...
2026-09-21T12:52:13.555+08:00  INFO 7472 --- [service-id-gen] [main] c.a.n.c.a.AbstractAbilityControlManager  : Ready to initialize current node abilities, support modes: [SDK_CLIENT]
2026-09-21T12:52:13.556+08:00  INFO 7472 --- [service-id-gen] [main] c.a.n.c.a.AbstractAbilityControlManager  : Initialize current abilities finish...
2026-09-21T12:52:13.556+08:00  INFO 7472 --- [service-id-gen] [main] c.a.n.c.a.d.NacosAbilityManagerHolder    : [AbilityControlManager] Successfully initialize AbilityControlManager
2026-09-21T12:52:13.591+08:00  INFO 7472 --- [service-id-gen] [main] c.a.c.n.registry.NacosServiceRegistry    : nacos registry, DEFAULT_GROUP service-id-gen 192.168.1.129:8085 register finished
2026-09-21T12:52:13.601+08:00  INFO 7472 --- [service-id-gen] [main] c.jwy.scd.idgen.ServiceIdGenApplication  : Started ServiceIdGenApplication in 6.81 seconds (process running for 7.692)
2026-09-21T12:52:13.604+08:00  INFO 7472 --- [service-id-gen] [main] c.j.scd.idgen.support.IdGenWarmUpRunner  : [id-gen] 启动预热开始
2026-09-21T12:52:13.615+08:00  INFO 7472 --- [service-id-gen] [main] com.zaxxer.hikari.HikariDataSource       : HikariPool-1 - Starting...
2026-09-21T12:52:13.769+08:00  INFO 7472 --- [service-id-gen] [main] com.zaxxer.hikari.pool.HikariPool        : HikariPool-1 - Added connection com.mysql.cj.jdbc.ConnectionImpl@e4348c0
2026-09-21T12:52:13.770+08:00  INFO 7472 --- [service-id-gen] [main] com.zaxxer.hikari.HikariDataSource       : HikariPool-1 - Start completed.
2026-09-21T12:52:13.843+08:00  INFO 7472 --- [service-id-gen] [main] com.jwy.scd.idgen.service.SegmentIdGen   : [id-gen] 初始化服务端号段缓冲：bizTag=demo, 首段=[124001, 126000] 剩余 2000/2000
2026-09-21T12:52:13.846+08:00  INFO 7472 --- [service-id-gen] [main] com.jwy.scd.idgen.service.SegmentIdGen   : [id-gen] 预热完成：bizTag=demo, SegmentBuffer{bizTag=demo, current=[124001, 126000] 剩余 2000/2000, next=null, issued=0}
2026-09-21T12:52:13.882+08:00  INFO 7472 --- [service-id-gen] [main] com.jwy.scd.idgen.service.SegmentIdGen   : [id-gen] 初始化服务端号段缓冲：bizTag=order, 首段=[2314001, 2414000] 剩余 100000/100000
2026-09-21T12:52:13.882+08:00  INFO 7472 --- [service-id-gen] [main] com.jwy.scd.idgen.service.SegmentIdGen   : [id-gen] 预热完成：bizTag=order, SegmentBuffer{bizTag=order, current=[2314001, 2414000] 剩余 100000/100000, next=null, issued=0}
2026-09-21T12:52:13.882+08:00  INFO 7472 --- [service-id-gen] [main] c.j.scd.idgen.support.IdGenWarmUpRunner  : [id-gen] 启动预热结束，耗时 278 ms
2026-09-21T12:52:13.883+08:00  WARN 7472 --- [service-id-gen] [main] o.s.core.events.SpringDocAppInitializer  : SpringDoc /v3/api-docs endpoint is enabled by default. To disable it in production, set the property 'springdoc.api-docs.enabled=false'
2026-09-21T12:52:13.884+08:00  WARN 7472 --- [service-id-gen] [main] o.s.core.events.SpringDocAppInitializer  : SpringDoc /swagger-ui.html endpoint is enabled by default. To disable it in production, set the property 'springdoc.swagger-ui.enabled=false'
