[INFO] Scanning for projects...
[INFO] ------------------------------------------------------------------------
[INFO] Reactor Build Order:
[INFO] 
[INFO] springcloud-demo                                                   [pom]
[INFO] service-system-api                                                 [jar]
[INFO] service-auth-api                                                   [jar]
[INFO] service-auth                                                       [jar]
[INFO] 
[INFO] ----------------------< com.jwy:springcloud-demo >----------------------
[INFO] Building springcloud-demo 0.0.1-SNAPSHOT                           [1/4]
[INFO]   from pom.xml
[INFO] --------------------------------[ pom ]---------------------------------
[INFO] 
[INFO] ---------------------< com.jwy:service-system-api >---------------------
[INFO] Building service-system-api 0.0.1-SNAPSHOT                         [2/4]
[INFO]   from service-system-api\pom.xml
[INFO] --------------------------------[ jar ]---------------------------------
[INFO] 
[INFO] --- resources:3.3.1:resources (default-resources) @ service-system-api ---
[INFO] skip non existing resourceDirectory E:\Data\projects\springcloud-demo\service-system-api\src\main\resources
[INFO] skip non existing resourceDirectory E:\Data\projects\springcloud-demo\service-system-api\src\main\resources
[INFO] 
[INFO] --- compiler:3.14.1:compile (default-compile) @ service-system-api ---
[INFO] Nothing to compile - all classes are up to date.
[INFO] 
[INFO] ----------------------< com.jwy:service-auth-api >----------------------
[INFO] Building service-auth-api 0.0.1-SNAPSHOT                           [3/4]
[INFO]   from service-auth-api\pom.xml
[INFO] --------------------------------[ jar ]---------------------------------
[INFO] 
[INFO] --- resources:3.3.1:resources (default-resources) @ service-auth-api ---
[INFO] skip non existing resourceDirectory E:\Data\projects\springcloud-demo\service-auth-api\src\main\resources
[INFO] skip non existing resourceDirectory E:\Data\projects\springcloud-demo\service-auth-api\src\main\resources
[INFO] 
[INFO] --- compiler:3.14.1:compile (default-compile) @ service-auth-api ---
[INFO] Nothing to compile - all classes are up to date.
[INFO] 
[INFO] ------------------------< com.jwy:service-auth >------------------------
[INFO] Building service-auth 0.0.1-SNAPSHOT                               [4/4]
[INFO]   from service-auth\pom.xml
[INFO] --------------------------------[ jar ]---------------------------------
[INFO] 
[INFO] --- resources:3.3.1:resources (default-resources) @ service-auth ---
[INFO] Copying 1 resource from src\main\resources to target\classes
[INFO] Copying 0 resource from src\main\resources to target\classes
[INFO] 
[INFO] --- compiler:3.14.1:compile (default-compile) @ service-auth ---
[INFO] Nothing to compile - all classes are up to date.
[INFO] ------------------------------------------------------------------------
[INFO] Reactor Summary for springcloud-demo 0.0.1-SNAPSHOT:
[INFO] 
[INFO] springcloud-demo ................................... SUCCESS [  0.003 s]
[INFO] service-system-api ................................. SUCCESS [  1.244 s]
[INFO] service-auth-api ................................... SUCCESS [  0.141 s]
[INFO] service-auth ....................................... SUCCESS [  0.675 s]
[INFO] ------------------------------------------------------------------------
[INFO] BUILD SUCCESS
[INFO] ------------------------------------------------------------------------
[INFO] Total time:  2.693 s
[INFO] Finished at: 2026-09-20T17:09:43+08:00
[INFO] ------------------------------------------------------------------------
