[INFO] Scanning for projects...
[INFO] ------------------------------------------------------------------------
[INFO] Reactor Build Order:
[INFO] 
[INFO] springcloud-demo                                                   [pom]
[INFO] service-system-api                                                 [jar]
[INFO] service-order-api                                                  [jar]
[INFO] service-id-gen-api                                                 [jar]
[INFO] service-order                                                      [jar]
[INFO] 
[INFO] ----------------------< com.jwy:springcloud-demo >----------------------
[INFO] Building springcloud-demo 0.0.1-SNAPSHOT                           [1/5]
[INFO]   from pom.xml
[INFO] --------------------------------[ pom ]---------------------------------
[INFO] 
[INFO] --- install:3.1.4:install (default-install) @ springcloud-demo ---
[INFO] Installing E:\Data\projects\springcloud-demo\pom.xml to C:\Users\jiang\.m2\repository\com\jwy\springcloud-demo\0.0.1-SNAPSHOT\springcloud-demo-0.0.1-SNAPSHOT.pom
[INFO] 
[INFO] ---------------------< com.jwy:service-system-api >---------------------
[INFO] Building service-system-api 0.0.1-SNAPSHOT                         [2/5]
[INFO]   from service-system-api\pom.xml
[INFO] --------------------------------[ jar ]---------------------------------
[INFO] 
[INFO] --- resources:3.3.1:resources (default-resources) @ service-system-api ---
[INFO] skip non existing resourceDirectory E:\Data\projects\springcloud-demo\service-system-api\src\main\resources
[INFO] skip non existing resourceDirectory E:\Data\projects\springcloud-demo\service-system-api\src\main\resources
[INFO] 
[INFO] --- compiler:3.14.1:compile (default-compile) @ service-system-api ---
[INFO] Nothing to compile - all classes are up to date.
[INFO] 
[INFO] --- resources:3.3.1:testResources (default-testResources) @ service-system-api ---
[INFO] skip non existing resourceDirectory E:\Data\projects\springcloud-demo\service-system-api\src\test\resources
[INFO] 
[INFO] --- compiler:3.14.1:testCompile (default-testCompile) @ service-system-api ---
[INFO] No sources to compile
[INFO] 
[INFO] --- surefire:3.5.6:test (default-test) @ service-system-api ---
[INFO] Tests are skipped.
[INFO] 
[INFO] --- jar:3.4.2:jar (default-jar) @ service-system-api ---
[INFO] 
[INFO] --- install:3.1.4:install (default-install) @ service-system-api ---
[INFO] Installing E:\Data\projects\springcloud-demo\service-system-api\pom.xml to C:\Users\jiang\.m2\repository\com\jwy\service-system-api\0.0.1-SNAPSHOT\service-system-api-0.0.1-SNAPSHOT.pom
[INFO] Installing E:\Data\projects\springcloud-demo\service-system-api\target\service-system-api-0.0.1-SNAPSHOT.jar to C:\Users\jiang\.m2\repository\com\jwy\service-system-api\0.0.1-SNAPSHOT\service-system-api-0.0.1-SNAPSHOT.jar
[INFO] 
[INFO] ---------------------< com.jwy:service-order-api >----------------------
[INFO] Building service-order-api 0.0.1-SNAPSHOT                          [3/5]
[INFO]   from service-order-api\pom.xml
[INFO] --------------------------------[ jar ]---------------------------------
[INFO] 
[INFO] --- resources:3.3.1:resources (default-resources) @ service-order-api ---
[INFO] skip non existing resourceDirectory E:\Data\projects\springcloud-demo\service-order-api\src\main\resources
[INFO] skip non existing resourceDirectory E:\Data\projects\springcloud-demo\service-order-api\src\main\resources
[INFO] 
[INFO] --- compiler:3.14.1:compile (default-compile) @ service-order-api ---
[INFO] Nothing to compile - all classes are up to date.
[INFO] 
[INFO] --- resources:3.3.1:testResources (default-testResources) @ service-order-api ---
[INFO] skip non existing resourceDirectory E:\Data\projects\springcloud-demo\service-order-api\src\test\resources
[INFO] 
[INFO] --- compiler:3.14.1:testCompile (default-testCompile) @ service-order-api ---
[INFO] No sources to compile
[INFO] 
[INFO] --- surefire:3.5.6:test (default-test) @ service-order-api ---
[INFO] Tests are skipped.
[INFO] 
[INFO] --- jar:3.4.2:jar (default-jar) @ service-order-api ---
[INFO] 
[INFO] --- install:3.1.4:install (default-install) @ service-order-api ---
[INFO] Installing E:\Data\projects\springcloud-demo\service-order-api\pom.xml to C:\Users\jiang\.m2\repository\com\jwy\service-order-api\0.0.1-SNAPSHOT\service-order-api-0.0.1-SNAPSHOT.pom
[INFO] Installing E:\Data\projects\springcloud-demo\service-order-api\target\service-order-api-0.0.1-SNAPSHOT.jar to C:\Users\jiang\.m2\repository\com\jwy\service-order-api\0.0.1-SNAPSHOT\service-order-api-0.0.1-SNAPSHOT.jar
[INFO] 
[INFO] ---------------------< com.jwy:service-id-gen-api >---------------------
[INFO] Building service-id-gen-api 0.0.1-SNAPSHOT                         [4/5]
[INFO]   from service-id-gen-api\pom.xml
[INFO] --------------------------------[ jar ]---------------------------------
[INFO] 
[INFO] --- resources:3.3.1:resources (default-resources) @ service-id-gen-api ---
[INFO] skip non existing resourceDirectory E:\Data\projects\springcloud-demo\service-id-gen-api\src\main\resources
[INFO] skip non existing resourceDirectory E:\Data\projects\springcloud-demo\service-id-gen-api\src\main\resources
[INFO] 
[INFO] --- compiler:3.14.1:compile (default-compile) @ service-id-gen-api ---
[INFO] Nothing to compile - all classes are up to date.
[INFO] 
[INFO] --- resources:3.3.1:testResources (default-testResources) @ service-id-gen-api ---
[INFO] skip non existing resourceDirectory E:\Data\projects\springcloud-demo\service-id-gen-api\src\test\resources
[INFO] 
[INFO] --- compiler:3.14.1:testCompile (default-testCompile) @ service-id-gen-api ---
[INFO] No sources to compile
[INFO] 
[INFO] --- surefire:3.5.6:test (default-test) @ service-id-gen-api ---
[INFO] Tests are skipped.
[INFO] 
[INFO] --- jar:3.4.2:jar (default-jar) @ service-id-gen-api ---
[INFO] 
[INFO] --- install:3.1.4:install (default-install) @ service-id-gen-api ---
[INFO] Installing E:\Data\projects\springcloud-demo\service-id-gen-api\pom.xml to C:\Users\jiang\.m2\repository\com\jwy\service-id-gen-api\0.0.1-SNAPSHOT\service-id-gen-api-0.0.1-SNAPSHOT.pom
[INFO] Installing E:\Data\projects\springcloud-demo\service-id-gen-api\target\service-id-gen-api-0.0.1-SNAPSHOT.jar to C:\Users\jiang\.m2\repository\com\jwy\service-id-gen-api\0.0.1-SNAPSHOT\service-id-gen-api-0.0.1-SNAPSHOT.jar
[INFO] 
[INFO] -----------------------< com.jwy:service-order >------------------------
[INFO] Building service-order 0.0.1-SNAPSHOT                              [5/5]
[INFO]   from service-order\pom.xml
[INFO] --------------------------------[ jar ]---------------------------------
[INFO] 
[INFO] --- resources:3.3.1:resources (default-resources) @ service-order ---
[INFO] Copying 1 resource from src\main\resources to target\classes
[INFO] Copying 1 resource from src\main\resources to target\classes
[INFO] 
[INFO] --- compiler:3.14.1:compile (default-compile) @ service-order ---
[INFO] Nothing to compile - all classes are up to date.
[INFO] 
[INFO] --- resources:3.3.1:testResources (default-testResources) @ service-order ---
[INFO] skip non existing resourceDirectory E:\Data\projects\springcloud-demo\service-order\src\test\resources
[INFO] 
[INFO] --- compiler:3.14.1:testCompile (default-testCompile) @ service-order ---
[INFO] No sources to compile
[INFO] 
[INFO] --- surefire:3.5.6:test (default-test) @ service-order ---
[INFO] Tests are skipped.
[INFO] 
[INFO] --- jar:3.4.2:jar (default-jar) @ service-order ---
[INFO] 
[INFO] --- spring-boot:4.0.8:repackage (repackage) @ service-order ---
[INFO] Replacing main artifact E:\Data\projects\springcloud-demo\service-order\target\service-order-0.0.1-SNAPSHOT.jar with repackaged archive, adding nested dependencies in BOOT-INF/.
[INFO] The original artifact has been renamed to E:\Data\projects\springcloud-demo\service-order\target\service-order-0.0.1-SNAPSHOT.jar.original
[INFO] 
[INFO] --- install:3.1.4:install (default-install) @ service-order ---
[INFO] Installing E:\Data\projects\springcloud-demo\service-order\pom.xml to C:\Users\jiang\.m2\repository\com\jwy\service-order\0.0.1-SNAPSHOT\service-order-0.0.1-SNAPSHOT.pom
[INFO] Installing E:\Data\projects\springcloud-demo\service-order\target\service-order-0.0.1-SNAPSHOT.jar to C:\Users\jiang\.m2\repository\com\jwy\service-order\0.0.1-SNAPSHOT\service-order-0.0.1-SNAPSHOT.jar
[INFO] ------------------------------------------------------------------------
[INFO] Reactor Summary for springcloud-demo 0.0.1-SNAPSHOT:
[INFO] 
[INFO] springcloud-demo ................................... SUCCESS [  0.269 s]
[INFO] service-system-api ................................. SUCCESS [  1.387 s]
[INFO] service-order-api .................................. SUCCESS [  0.199 s]
[INFO] service-id-gen-api ................................. SUCCESS [  0.193 s]
[INFO] service-order ...................................... SUCCESS [  1.526 s]
[INFO] ------------------------------------------------------------------------
[INFO] BUILD SUCCESS
[INFO] ------------------------------------------------------------------------
[INFO] Total time:  4.033 s
[INFO] Finished at: 2026-09-21T12:05:12+08:00
[INFO] ------------------------------------------------------------------------
