10:28:47.743 [main] INFO com.alibaba.nacos.plugin.auth.spi.client.ClientAuthPluginManager -- [ClientAuthPluginManager] Load ClientAuthService com.alibaba.nacos.client.auth.impl.NacosClientAuthServiceImpl success.
10:28:47.744 [main] INFO com.alibaba.nacos.plugin.auth.spi.client.ClientAuthPluginManager -- [ClientAuthPluginManager] Load ClientAuthService com.alibaba.nacos.client.auth.ram.RamClientAuthServiceImpl success.
10:28:48.879 [main] INFO com.alibaba.nacos.common.ability.AbstractAbilityControlManager -- Ready to get current node abilities...
10:28:48.881 [main] INFO com.alibaba.nacos.common.ability.AbstractAbilityControlManager -- Ready to initialize current node abilities, support modes: [SDK_CLIENT]
10:28:48.881 [main] INFO com.alibaba.nacos.common.ability.AbstractAbilityControlManager -- Initialize current abilities finish...
10:28:48.882 [main] INFO com.alibaba.nacos.common.ability.discover.NacosAbilityManagerHolder -- [AbilityControlManager] Successfully initialize AbilityControlManager

  .   ____          _            __ _ _
 /\\ / ___'_ __ _ _(_)_ __  __ _ \ \ \ \
( ( )\___ | '_ | '_| | '_ \/ _` | \ \ \ \
 \\/  ___)| |_)| | | | | || (_| |  ) ) ) )
  '  |____| .__|_| |_|_| |_\__, | / / / /
 =========|_|==============|___/=/_/_/_/

 :: Spring Boot ::                (v4.0.8)

2026-09-21T10:28:49.153+08:00  INFO 27140 --- [service-order] [           main] com.jwy.scd.ServiceOrderApplication      : Starting ServiceOrderApplication v0.0.1-SNAPSHOT using Java 21.0.12.1 with PID 27140 (E:\Data\projects\springcloud-demo\service-order\target\service-order-0.0.1-SNAPSHOT.jar started by jiang in E:\Data\projects\springcloud-demo)
2026-09-21T10:28:49.154+08:00  INFO 27140 --- [service-order] [           main] com.jwy.scd.ServiceOrderApplication      : No active profile set, falling back to 1 default profile: "default"
2026-09-21T10:28:49.234+08:00  INFO 27140 --- [service-order] [           main] c.a.c.n.c.NacosConfigDataLoader          : [Nacos Config] Load config[dataId=service-order.yaml, group=DEFAULT_GROUP] success
2026-09-21T10:28:50.412+08:00  INFO 27140 --- [service-order] [           main] o.s.cloud.context.scope.GenericScope     : BeanFactory id=0422f842-c6c7-3173-88e0-81338f5d5433
2026-09-21T10:28:51.026+08:00  INFO 27140 --- [service-order] [           main] o.s.boot.tomcat.TomcatWebServer          : Tomcat initialized with port 8083 (http)
2026-09-21T10:28:51.044+08:00  INFO 27140 --- [service-order] [           main] o.apache.catalina.core.StandardService   : Starting service [Tomcat]
2026-09-21T10:28:51.044+08:00  INFO 27140 --- [service-order] [           main] o.apache.catalina.core.StandardEngine    : Starting Servlet engine: [Apache Tomcat/11.0.24]
2026-09-21T10:28:51.086+08:00  INFO 27140 --- [service-order] [           main] b.w.c.s.WebApplicationContextInitializer : Root WebApplicationContext: initialization completed in 1848 ms
2026-09-21T10:28:51.431+08:00  INFO 27140 --- [service-order] [           main] o.s.c.openfeign.FeignClientFactoryBean   : For 'service-system' URL not provided. Will try picking an instance via load-balancing.
 _ _   |_  _ _|_. ___ _ |    _ 
| | |\/|_)(_| | |_\  |_)||_|_\ 
     /               |         
                        3.5.16 
2026-09-21T10:28:51.965+08:00  INFO 27140 --- [service-order] [           main] c.a.c.sentinel.SentinelWebMvcConfigurer  : [Sentinel Starter] register SentinelWebInterceptor with urlPatterns: [/**].
2026-09-21T10:28:52.343+08:00  INFO 27140 --- [service-order] [           main] m.e.s.MybatisPlusApplicationContextAware : Register ApplicationContext instances org.springframework.boot.web.server.servlet.context.AnnotationConfigServletWebServerApplicationContext@7e4c72d6
2026-09-21T10:28:52.533+08:00  WARN 27140 --- [service-order] [           main] iguration$LoadBalancerCaffeineWarnLogger : Spring Cloud LoadBalancer is currently working with the default cache. While this cache implementation is useful for development and tests, it's recommended to use Caffeine cache in production.You can switch to using Caffeine cache, by adding it and org.springframework.cache.caffeine.CaffeineCacheManager to the classpath.
2026-09-21T10:28:52.663+08:00  INFO 27140 --- [service-order] [           main] o.s.boot.tomcat.TomcatWebServer          : Tomcat started on port 8083 (http) with context path '/'
2026-09-21T10:28:52.670+08:00  INFO 27140 --- [service-order] [           main] com.alibaba.nacos.client.naming          : Nacos client key init properties: 
	serverAddr=rxs:8848
	username=nacos
	password=1****6

2026-09-21T10:28:52.671+08:00  INFO 27140 --- [service-order] [           main] com.alibaba.nacos.client.naming          : initializer namespace from ans.namespace attribute : null
2026-09-21T10:28:52.671+08:00  INFO 27140 --- [service-order] [           main] com.alibaba.nacos.client.naming          : initializer namespace from ALIBABA_ALIWARE_NAMESPACE attribute :null
2026-09-21T10:28:52.671+08:00  INFO 27140 --- [service-order] [           main] com.alibaba.nacos.client.naming          : initializer namespace from namespace attribute :null
2026-09-21T10:28:52.679+08:00  INFO 27140 --- [service-order] [           main] com.alibaba.nacos.client.naming          : FailoverDataSource type is class com.alibaba.nacos.client.naming.backups.datasource.DiskFailoverDataSource
2026-09-21T10:28:52.684+08:00  INFO 27140 --- [service-order] [           main] c.a.n.c.a.AbstractServerListManager      : Load and match ServerListProvider com.alibaba.nacos.client.address.EndpointServerListProvider, match result: false
2026-09-21T10:28:52.684+08:00  INFO 27140 --- [service-order] [           main] c.a.n.c.a.AbstractServerListManager      : Load and match ServerListProvider com.alibaba.nacos.client.address.PropertiesListProvider, match result: true
2026-09-21T10:28:52.684+08:00  INFO 27140 --- [service-order] [           main] c.a.n.c.a.AbstractServerListManager      : Will use com.alibaba.nacos.client.address.PropertiesListProvider as ServerListProvider
2026-09-21T10:28:52.685+08:00  INFO 27140 --- [service-order] [           main] c.a.n.p.a.s.c.ClientAuthPluginManager    : [ClientAuthPluginManager] Load ClientAuthService com.alibaba.nacos.client.auth.impl.NacosClientAuthServiceImpl success.
2026-09-21T10:28:52.685+08:00  INFO 27140 --- [service-order] [           main] c.a.n.p.a.s.c.ClientAuthPluginManager    : [ClientAuthPluginManager] Load ClientAuthService com.alibaba.nacos.client.auth.ram.RamClientAuthServiceImpl success.
2026-09-21T10:28:52.770+08:00  INFO 27140 --- [service-order] [           main] com.alibaba.nacos.common.remote.client   : [RpcClientFactory] create a new rpc client of 7892ddf5-561f-46bf-a10e-489349541419
2026-09-21T10:28:52.772+08:00  INFO 27140 --- [service-order] [           main] com.alibaba.nacos.client.naming          : Create naming rpc client for uuid->7892ddf5-561f-46bf-a10e-489349541419
2026-09-21T10:28:52.772+08:00  INFO 27140 --- [service-order] [           main] com.alibaba.nacos.common.remote.client   : [7892ddf5-561f-46bf-a10e-489349541419] RpcClient init, ServerListFactory = com.alibaba.nacos.client.naming.core.NamingServerListManager
2026-09-21T10:28:52.772+08:00  INFO 27140 --- [service-order] [           main] com.alibaba.nacos.common.remote.client   : [7892ddf5-561f-46bf-a10e-489349541419] Registry connection listener to current client:com.alibaba.nacos.client.naming.remote.gprc.redo.NamingGrpcRedoService
2026-09-21T10:28:52.773+08:00  INFO 27140 --- [service-order] [           main] com.alibaba.nacos.common.remote.client   : [7892ddf5-561f-46bf-a10e-489349541419] Register server push request handler:com.alibaba.nacos.client.naming.remote.gprc.NamingPushRequestHandler
2026-09-21T10:28:52.773+08:00  INFO 27140 --- [service-order] [           main] com.alibaba.nacos.common.remote.client   : [7892ddf5-561f-46bf-a10e-489349541419] Register server push request handler:com.alibaba.nacos.client.naming.remote.gprc.NamingFuzzyWatchNotifyRequestHandler
2026-09-21T10:28:52.773+08:00  INFO 27140 --- [service-order] [           main] com.alibaba.nacos.common.remote.client   : [7892ddf5-561f-46bf-a10e-489349541419] Try to connect to server on start up, server: {serverIp = 'rxs', server main port = 8848}
2026-09-21T10:28:52.774+08:00  INFO 27140 --- [service-order] [           main] c.a.n.c.remote.client.grpc.GrpcClient    : grpc client connection server: rxs ip, serverPort: 9848, grpcTslConfig: {"enableTls":false,"mutualAuthEnable":false,"trustAll":true}
2026-09-21T10:28:52.790+08:00  INFO 27140 --- [service-order] [           main] com.alibaba.nacos.common.remote.client   : [7892ddf5-561f-46bf-a10e-489349541419] Success to connect to server [rxs:8848] on start up, connectionId = 1789957731895_172.17.0.1_56904
2026-09-21T10:28:52.790+08:00  INFO 27140 --- [service-order] [           main] com.alibaba.nacos.common.remote.client   : [7892ddf5-561f-46bf-a10e-489349541419] Register server push request handler:com.alibaba.nacos.common.remote.client.RpcClient$ConnectResetRequestHandler
2026-09-21T10:28:52.790+08:00  INFO 27140 --- [service-order] [remote.worker.0] com.alibaba.nacos.common.remote.client   : [7892ddf5-561f-46bf-a10e-489349541419] Notify connected event to listeners.
2026-09-21T10:28:52.790+08:00  INFO 27140 --- [service-order] [           main] com.alibaba.nacos.common.remote.client   : [7892ddf5-561f-46bf-a10e-489349541419] Register server push request handler:com.alibaba.nacos.common.remote.client.RpcClient$$Lambda/0x00000217bb420a48
2026-09-21T10:28:52.790+08:00  INFO 27140 --- [service-order] [remote.worker.0] com.alibaba.nacos.client.naming          : Grpc connection connect
2026-09-21T10:28:52.791+08:00  INFO 27140 --- [service-order] [           main] com.alibaba.nacos.client.naming          : [REGISTER-SERVICE] public registering service service-order with instance Instance{instanceId='null', ip='192.168.1.129', port=8083, weight=1.0, healthy=true, enabled=true, ephemeral=true, clusterName='', serviceName='null', metadata={IPv6=null, preserved.register.source=SPRING_CLOUD}}
2026-09-21T10:28:52.803+08:00  INFO 27140 --- [service-order] [           main] c.a.c.n.registry.NacosServiceRegistry    : nacos registry, DEFAULT_GROUP service-order 192.168.1.129:8083 register finished
2026-09-21T10:28:52.815+08:00  INFO 27140 --- [service-order] [           main] com.jwy.scd.ServiceOrderApplication      : Started ServiceOrderApplication in 6.078 seconds (process running for 6.833)
2026-09-21T10:28:52.818+08:00  WARN 27140 --- [service-order] [           main] o.s.core.events.SpringDocAppInitializer  : SpringDoc /v3/api-docs endpoint is enabled by default. To disable it in production, set the property 'springdoc.api-docs.enabled=false'
2026-09-21T10:28:52.818+08:00  WARN 27140 --- [service-order] [           main] o.s.core.events.SpringDocAppInitializer  : SpringDoc /swagger-ui.html endpoint is enabled by default. To disable it in production, set the property 'springdoc.swagger-ui.enabled=false'
2026-09-21T10:28:52.820+08:00  INFO 27140 --- [service-order] [           main] c.a.nacos.client.config.impl.CacheData   : config listener notify warn timeout millis use default 60000 millis 
2026-09-21T10:28:52.821+08:00  INFO 27140 --- [service-order] [           main] c.a.nacos.client.config.impl.CacheData   : nacos.cache.data.init.snapshot = true 
2026-09-21T10:28:52.824+08:00  INFO 27140 --- [service-order] [           main] c.a.n.client.config.impl.ClientWorker    : [Config-fixed-public-rxs_8848] [subscribe] service-order.yaml+DEFAULT_GROUP+public
2026-09-21T10:28:52.834+08:00  INFO 27140 --- [service-order] [           main] c.a.nacos.client.config.impl.CacheData   : [Config-fixed-public-rxs_8848] [add-listener] ok, tenant=public, dataId=service-order.yaml, group=DEFAULT_GROUP, cnt=1
2026-09-21T10:28:52.834+08:00  INFO 27140 --- [service-order] [           main] c.a.c.n.refresh.NacosContextRefresher    : [Nacos Config] Listening config: dataId=service-order.yaml, group=DEFAULT_GROUP
2026-09-21T10:29:06.355+08:00  INFO 27140 --- [service-order] [nio-8083-exec-2] o.a.c.c.C.[Tomcat].[localhost].[/]       : Initializing Spring DispatcherServlet 'dispatcherServlet'
2026-09-21T10:29:06.355+08:00  INFO 27140 --- [service-order] [nio-8083-exec-2] o.s.web.servlet.DispatcherServlet        : Initializing Servlet 'dispatcherServlet'
2026-09-21T10:29:06.356+08:00  INFO 27140 --- [service-order] [nio-8083-exec-2] o.s.web.servlet.DispatcherServlet        : Completed initialization in 0 ms
INFO: Sentinel log output type is: file
INFO: Sentinel log charset is: utf-8
INFO: Sentinel log base directory is: C:\Users\jiang\logs\csp\
INFO: Sentinel log name use pid is: false
INFO: Sentinel log level is: INFO
2026-09-21T10:29:06.644+08:00  INFO 27140 --- [service-order] [nio-8083-exec-4] com.zaxxer.hikari.HikariDataSource       : HikariPool-1 - Starting...
2026-09-21T10:29:06.836+08:00  INFO 27140 --- [service-order] [nio-8083-exec-4] com.zaxxer.hikari.pool.HikariPool        : HikariPool-1 - Added connection com.mysql.cj.jdbc.ConnectionImpl@e0f0b37
2026-09-21T10:29:06.837+08:00  INFO 27140 --- [service-order] [nio-8083-exec-4] com.zaxxer.hikari.HikariDataSource       : HikariPool-1 - Start completed.
2026-09-21T10:29:06.852+08:00 DEBUG 27140 --- [service-order] [nio-8083-exec-4] com.jwy.scd.api.SysUserApi               : [SysUserApi#getUserById] ---> GET http://service-system/api/sys-user/2 HTTP/1.1
2026-09-21T10:29:06.929+08:00  INFO 27140 --- [service-order] [nio-8083-exec-4] com.alibaba.nacos.client.naming          : [SUBSCRIBE-SERVICE] service:service-system, group:DEFAULT_GROUP, clusters: 
2026-09-21T10:29:06.929+08:00  INFO 27140 --- [service-order] [nio-8083-exec-4] com.alibaba.nacos.client.naming          : [GRPC-SUBSCRIBE] service:service-system, group:DEFAULT_GROUP, cluster: 
2026-09-21T10:29:06.946+08:00  INFO 27140 --- [service-order] [nio-8083-exec-4] com.alibaba.nacos.client.naming          : init new ips(1) service: DEFAULT_GROUP@@service-system -> [{"instanceId":"192.168.1.129#8081##DEFAULT_GROUP@@service-system","ip":"192.168.1.129","port":8081,"weight":1.0,"healthy":true,"enabled":true,"ephemeral":true,"clusterName":"DEFAULT","serviceName":"DEFAULT_GROUP@@service-system","metadata":{"preserved.register.source":"SPRING_CLOUD"},"instanceHeartBeatTimeOut":15000,"instanceHeartBeatInterval":5000,"ipDeleteTimeout":30000}]
2026-09-21T10:29:06.947+08:00  INFO 27140 --- [service-order] [nio-8083-exec-4] com.alibaba.nacos.client.naming          : current ips:(1) service: DEFAULT_GROUP@@service-system -> [{"instanceId":"192.168.1.129#8081##DEFAULT_GROUP@@service-system","ip":"192.168.1.129","port":8081,"weight":1.0,"healthy":true,"enabled":true,"ephemeral":true,"clusterName":"DEFAULT","serviceName":"DEFAULT_GROUP@@service-system","metadata":{"preserved.register.source":"SPRING_CLOUD"},"instanceHeartBeatTimeOut":15000,"instanceHeartBeatInterval":5000,"ipDeleteTimeout":30000}]
2026-09-21T10:29:06.980+08:00 DEBUG 27140 --- [service-order] [nio-8083-exec-4] com.jwy.scd.api.SysUserApi               : [SysUserApi#getUserById] <--- HTTP/1.1 200 (127ms)
2026-09-21T10:29:06.988+08:00  INFO 27140 --- [service-order] [nio-8083-exec-4] c.jwy.scd.service.impl.OrderServiceImpl  : Feign 调用成功：userId=2, username=zhangsan, nickname=张三
2026-09-21T10:29:07.120+08:00  INFO 27140 --- [service-order] [nio-8083-exec-4] c.jwy.scd.service.impl.OrderServiceImpl  : 下单成功：orderNo=SO20260921102907126, userId=2, 明细 1 条, 总金额 399.00
2026-09-21T10:29:07.159+08:00 DEBUG 27140 --- [service-order] [nio-8083-exec-6] com.jwy.scd.api.SysUserApi               : [SysUserApi#getUserById] ---> GET http://service-system/api/sys-user/2 HTTP/1.1
2026-09-21T10:29:07.166+08:00 DEBUG 27140 --- [service-order] [nio-8083-exec-6] com.jwy.scd.api.SysUserApi               : [SysUserApi#getUserById] <--- HTTP/1.1 200 (6ms)
2026-09-21T10:29:07.167+08:00  INFO 27140 --- [service-order] [nio-8083-exec-6] c.jwy.scd.service.impl.OrderServiceImpl  : Feign 调用成功：userId=2, username=zhangsan, nickname=张三
2026-09-21T10:29:07.190+08:00  INFO 27140 --- [service-order] [nio-8083-exec-6] c.jwy.scd.service.impl.OrderServiceImpl  : 下单成功：orderNo=SO20260921102907876, userId=2, 明细 1 条, 总金额 399.00
2026-09-21T10:29:07.251+08:00 DEBUG 27140 --- [service-order] [nio-8083-exec-8] com.jwy.scd.api.SysUserApi               : [SysUserApi#getUserById] ---> GET http://service-system/api/sys-user/2 HTTP/1.1
2026-09-21T10:29:07.256+08:00 DEBUG 27140 --- [service-order] [nio-8083-exec-8] com.jwy.scd.api.SysUserApi               : [SysUserApi#getUserById] <--- HTTP/1.1 200 (4ms)
2026-09-21T10:29:07.257+08:00  INFO 27140 --- [service-order] [nio-8083-exec-8] c.jwy.scd.service.impl.OrderServiceImpl  : Feign 调用成功：userId=2, username=zhangsan, nickname=张三
2026-09-21T10:29:07.270+08:00  INFO 27140 --- [service-order] [nio-8083-exec-8] c.jwy.scd.service.impl.OrderServiceImpl  : 下单成功：orderNo=SO20260921102907159, userId=2, 明细 1 条, 总金额 399.00
2026-09-21T10:29:07.501+08:00  INFO 27140 --- [service-order] [executor-rxs-17] com.alibaba.nacos.common.remote.client   : [7892ddf5-561f-46bf-a10e-489349541419] Receive server push request, request = NotifySubscriberRequest, requestId = 61
2026-09-21T10:29:07.501+08:00  INFO 27140 --- [service-order] [executor-rxs-17] com.alibaba.nacos.common.remote.client   : [7892ddf5-561f-46bf-a10e-489349541419] Ack server push request, request = NotifySubscriberRequest, requestId = 61
