
  .   ____          _            __ _ _
 /\\ / ___'_ __ _ _(_)_ __  __ _ \ \ \ \
( ( )\___ | '_ | '_| | '_ \/ _` | \ \ \ \
 \\/  ___)| |_)| | | | | || (_| |  ) ) ) )
  '  |____| .__|_| |_|_| |_\__, | / / / /
 =========|_|==============|___/=/_/_/_/

 :: Spring Boot ::                (v4.0.8)

2026-09-21T10:21:05.379+08:00  INFO 27564 --- [service-auth] [           main] com.jwy.scd.ServiceAuthApplication       : Starting ServiceAuthApplication v0.0.1-SNAPSHOT using Java 21.0.12.1 with PID 27564 (E:\Data\projects\springcloud-demo\service-auth\target\service-auth-0.0.1-SNAPSHOT.jar started by jiang in E:\Data\projects\springcloud-demo)
2026-09-21T10:21:05.401+08:00  INFO 27564 --- [service-auth] [           main] com.jwy.scd.ServiceAuthApplication       : No active profile set, falling back to 1 default profile: "default"
2026-09-21T10:21:08.204+08:00  INFO 27564 --- [service-auth] [           main] .s.d.r.c.RepositoryConfigurationDelegate : Multiple Spring Data modules found, entering strict repository configuration mode
2026-09-21T10:21:08.209+08:00  INFO 27564 --- [service-auth] [           main] .s.d.r.c.RepositoryConfigurationDelegate : Bootstrapping Spring Data Redis repositories in DEFAULT mode.
2026-09-21T10:21:08.279+08:00  INFO 27564 --- [service-auth] [           main] .s.d.r.c.RepositoryConfigurationDelegate : Finished Spring Data repository scanning in 29 ms. Found 0 Redis repository interfaces.
2026-09-21T10:21:09.097+08:00  INFO 27564 --- [service-auth] [           main] o.s.cloud.context.scope.GenericScope     : BeanFactory id=911e33c0-a3ef-389e-a39e-dd6e088024e2
2026-09-21T10:21:10.057+08:00  INFO 27564 --- [service-auth] [           main] o.s.boot.tomcat.TomcatWebServer          : Tomcat initialized with port 8082 (http)
2026-09-21T10:21:10.090+08:00  INFO 27564 --- [service-auth] [           main] o.apache.catalina.core.StandardService   : Starting service [Tomcat]
2026-09-21T10:21:10.090+08:00  INFO 27564 --- [service-auth] [           main] o.apache.catalina.core.StandardEngine    : Starting Servlet engine: [Apache Tomcat/11.0.24]
2026-09-21T10:21:10.169+08:00  INFO 27564 --- [service-auth] [           main] b.w.c.s.WebApplicationContextInitializer : Root WebApplicationContext: initialization completed in 4520 ms
2026-09-21T10:21:10.935+08:00  INFO 27564 --- [service-auth] [           main] o.s.c.openfeign.FeignClientFactoryBean   : For 'service-system' URL not provided. Will try picking an instance via load-balancing.
2026-09-21T10:21:13.780+08:00  WARN 27564 --- [service-auth] [           main] iguration$LoadBalancerCaffeineWarnLogger : Spring Cloud LoadBalancer is currently working with the default cache. While this cache implementation is useful for development and tests, it's recommended to use Caffeine cache in production.You can switch to using Caffeine cache, by adding it and org.springframework.cache.caffeine.CaffeineCacheManager to the classpath.
2026-09-21T10:21:13.860+08:00  INFO 27564 --- [service-auth] [           main] o.s.boot.tomcat.TomcatWebServer          : Tomcat started on port 8082 (http) with context path '/'
2026-09-21T10:21:13.906+08:00  INFO 27564 --- [service-auth] [       Thread-3] c.a.n.c.a.r.identify.CredentialWatcher   : null No credential found
2026-09-21T10:21:13.910+08:00  INFO 27564 --- [service-auth] [           main] c.a.nacos.client.logging.NacosLogging    : Nacos Logging Adapter Builder: com.alibaba.nacos.logger.adapter.logback14.LogbackNacosLoggingAdapterBuilder
2026-09-21T10:21:13.922+08:00  INFO 27564 --- [service-auth] [           main] c.a.nacos.client.logging.NacosLogging    : Nacos Logging Adapter: com.alibaba.nacos.logger.adapter.logback14.LogbackNacosLoggingAdapter match ch.qos.logback.classic.Logger success.
2026-09-21T10:21:13.923+08:00  INFO 27564 --- [service-auth] [           main] c.a.nacos.client.logging.NacosLogging    : Nacos Logging Adapter Builder: com.alibaba.nacos.logger.adapter.log4j2.Log4j2NacosLoggingAdapterBuilder
2026-09-21T10:21:14.261+08:00  INFO 27564 --- [service-auth] [           main] c.a.n.p.a.s.c.ClientAuthPluginManager    : [ClientAuthPluginManager] Load ClientAuthService com.alibaba.nacos.client.auth.impl.NacosClientAuthServiceImpl success.
2026-09-21T10:21:14.261+08:00  INFO 27564 --- [service-auth] [           main] c.a.n.p.a.s.c.ClientAuthPluginManager    : [ClientAuthPluginManager] Load ClientAuthService com.alibaba.nacos.client.auth.ram.RamClientAuthServiceImpl success.
2026-09-21T10:21:15.365+08:00  INFO 27564 --- [service-auth] [           main] c.a.n.c.a.AbstractAbilityControlManager  : Ready to get current node abilities...
2026-09-21T10:21:15.366+08:00  INFO 27564 --- [service-auth] [           main] c.a.n.c.a.AbstractAbilityControlManager  : Ready to initialize current node abilities, support modes: [SDK_CLIENT]
2026-09-21T10:21:15.367+08:00  INFO 27564 --- [service-auth] [           main] c.a.n.c.a.AbstractAbilityControlManager  : Initialize current abilities finish...
2026-09-21T10:21:15.367+08:00  INFO 27564 --- [service-auth] [           main] c.a.n.c.a.d.NacosAbilityManagerHolder    : [AbilityControlManager] Successfully initialize AbilityControlManager
2026-09-21T10:21:15.402+08:00  INFO 27564 --- [service-auth] [           main] c.a.c.n.registry.NacosServiceRegistry    : nacos registry, DEFAULT_GROUP service-auth 192.168.1.129:8082 register finished
2026-09-21T10:21:15.417+08:00  INFO 27564 --- [service-auth] [           main] com.jwy.scd.ServiceAuthApplication       : Started ServiceAuthApplication in 11.19 seconds (process running for 12.994)
2026-09-21T10:21:15.420+08:00  WARN 27564 --- [service-auth] [           main] o.s.core.events.SpringDocAppInitializer  : SpringDoc /v3/api-docs endpoint is enabled by default. To disable it in production, set the property 'springdoc.api-docs.enabled=false'
2026-09-21T10:21:15.420+08:00  WARN 27564 --- [service-auth] [           main] o.s.core.events.SpringDocAppInitializer  : SpringDoc /swagger-ui.html endpoint is enabled by default. To disable it in production, set the property 'springdoc.swagger-ui.enabled=false'
2026-09-21T10:21:41.653+08:00  INFO 27564 --- [service-auth] [nio-8082-exec-2] o.a.c.c.C.[Tomcat].[localhost].[/]       : Initializing Spring DispatcherServlet 'dispatcherServlet'
2026-09-21T10:21:41.653+08:00  INFO 27564 --- [service-auth] [nio-8082-exec-2] o.s.web.servlet.DispatcherServlet        : Initializing Servlet 'dispatcherServlet'
2026-09-21T10:21:41.656+08:00  INFO 27564 --- [service-auth] [nio-8082-exec-2] o.s.web.servlet.DispatcherServlet        : Completed initialization in 1 ms
2026-09-21T10:21:41.826+08:00 DEBUG 27564 --- [service-auth] [nio-8082-exec-2] com.jwy.scd.api.SysUserApi               : [SysUserApi#verifyPassword] ---> POST http://service-system/api/sys-user/verify-password HTTP/1.1
2026-09-21T10:21:42.041+08:00 DEBUG 27564 --- [service-auth] [nio-8082-exec-2] com.jwy.scd.api.SysUserApi               : [SysUserApi#verifyPassword] <--- HTTP/1.1 200 (214ms)
2026-09-21T10:21:42.047+08:00  INFO 27564 --- [service-auth] [nio-8082-exec-2] c.jwy.scd.service.impl.AuthServiceImpl   : 凭据校验通过：username=admin（由 service-system 校验）
2026-09-21T10:21:42.049+08:00 DEBUG 27564 --- [service-auth] [nio-8082-exec-2] com.jwy.scd.api.SysUserApi               : [SysUserApi#getUserByUsername] ---> GET http://service-system/api/sys-user/by-username?username=admin HTTP/1.1
2026-09-21T10:21:42.058+08:00 DEBUG 27564 --- [service-auth] [nio-8082-exec-2] com.jwy.scd.api.SysUserApi               : [SysUserApi#getUserByUsername] <--- HTTP/1.1 200 (8ms)
2026-09-21T10:21:42.532+08:00  INFO 27564 --- [service-auth] [nio-8082-exec-2] c.jwy.scd.service.SessionTokenService    : 签发会话令牌：username=admin, userId=1, key=auth:session:eb6d097e59044e48a49f243d56bb91e3, ttl=1800s
2026-09-21T10:29:07.212+08:00 DEBUG 27564 --- [service-auth] [nio-8082-exec-4] com.jwy.scd.api.SysUserApi               : [SysUserApi#verifyPassword] ---> POST http://service-system/api/sys-user/verify-password HTTP/1.1
2026-09-21T10:29:07.228+08:00 DEBUG 27564 --- [service-auth] [nio-8082-exec-4] com.jwy.scd.api.SysUserApi               : [SysUserApi#verifyPassword] <--- HTTP/1.1 200 (15ms)
2026-09-21T10:29:07.229+08:00  INFO 27564 --- [service-auth] [nio-8082-exec-4] c.jwy.scd.service.impl.AuthServiceImpl   : 凭据校验通过：username=admin（由 service-system 校验）
2026-09-21T10:29:07.229+08:00 DEBUG 27564 --- [service-auth] [nio-8082-exec-4] com.jwy.scd.api.SysUserApi               : [SysUserApi#getUserByUsername] ---> GET http://service-system/api/sys-user/by-username?username=admin HTTP/1.1
2026-09-21T10:29:07.234+08:00 DEBUG 27564 --- [service-auth] [nio-8082-exec-4] com.jwy.scd.api.SysUserApi               : [SysUserApi#getUserByUsername] <--- HTTP/1.1 200 (4ms)
2026-09-21T10:29:07.236+08:00  INFO 27564 --- [service-auth] [nio-8082-exec-4] c.jwy.scd.service.SessionTokenService    : 签发会话令牌：username=admin, userId=1, key=auth:session:f3d1be521c8d4f19ab870efc7eb5f8f9, ttl=1800s
