
  .   ____          _            __ _ _
 /\\ / ___'_ __ _ _(_)_ __  __ _ \ \ \ \
( ( )\___ | '_ | '_| | '_ \/ _` | \ \ \ \
 \\/  ___)| |_)| | | | | || (_| |  ) ) ) )
  '  |____| .__|_| |_|_| |_\__, | / / / /
 =========|_|==============|___/=/_/_/_/

 :: Spring Boot ::                (v4.0.8)

2026-09-20T14:40:08.794+08:00  INFO 24268 --- [service-gateway] [           main] com.jwy.scd.gateway.GatewayApplication   : Starting GatewayApplication v0.0.1-SNAPSHOT using Java 21.0.12.1 with PID 24268 (E:\Data\projects\springcloud-demo\service-gateway\target\service-gateway-0.0.1-SNAPSHOT.jar started by jiang in e:\Data\projects\springcloud-demo)
2026-09-20T14:40:08.798+08:00  INFO 24268 --- [service-gateway] [           main] com.jwy.scd.gateway.GatewayApplication   : No active profile set, falling back to 1 default profile: "default"
2026-09-20T14:40:09.444+08:00  INFO 24268 --- [service-gateway] [           main] o.s.cloud.context.scope.GenericScope     : BeanFactory id=c894898b-62a9-3b58-8cf3-1170401a6750
2026-09-20T14:40:09.729+08:00  INFO 24268 --- [service-gateway] [           main] o.s.boot.tomcat.TomcatWebServer          : Tomcat initialized with port 8080 (http)
2026-09-20T14:40:09.742+08:00  INFO 24268 --- [service-gateway] [           main] o.apache.catalina.core.StandardService   : Starting service [Tomcat]
2026-09-20T14:40:09.742+08:00  INFO 24268 --- [service-gateway] [           main] o.apache.catalina.core.StandardEngine    : Starting Servlet engine: [Apache Tomcat/11.0.24]
2026-09-20T14:40:09.771+08:00  INFO 24268 --- [service-gateway] [           main] b.w.c.s.WebApplicationContextInitializer : Root WebApplicationContext: initialization completed in 925 ms
2026-09-20T14:40:10.564+08:00  WARN 24268 --- [service-gateway] [           main] iguration$LoadBalancerCaffeineWarnLogger : Spring Cloud LoadBalancer is currently working with the default cache. While this cache implementation is useful for development and tests, it's recommended to use Caffeine cache in production.You can switch to using Caffeine cache, by adding it and org.springframework.cache.caffeine.CaffeineCacheManager to the classpath.
2026-09-20T14:40:10.593+08:00  INFO 24268 --- [service-gateway] [           main] o.s.boot.tomcat.TomcatWebServer          : Tomcat started on port 8080 (http) with context path '/'
2026-09-20T14:40:10.609+08:00  INFO 24268 --- [service-gateway] [           main] c.a.nacos.client.logging.NacosLogging    : Nacos Logging Adapter Builder: com.alibaba.nacos.logger.adapter.logback14.LogbackNacosLoggingAdapterBuilder
2026-09-20T14:40:10.610+08:00  INFO 24268 --- [service-gateway] [           main] c.a.nacos.client.logging.NacosLogging    : Nacos Logging Adapter: com.alibaba.nacos.logger.adapter.logback14.LogbackNacosLoggingAdapter match ch.qos.logback.classic.Logger success.
2026-09-20T14:40:10.611+08:00  INFO 24268 --- [service-gateway] [           main] c.a.nacos.client.logging.NacosLogging    : Nacos Logging Adapter Builder: com.alibaba.nacos.logger.adapter.log4j2.Log4j2NacosLoggingAdapterBuilder
2026-09-20T14:40:10.713+08:00  INFO 24268 --- [service-gateway] [       Thread-3] c.a.n.c.a.r.identify.CredentialWatcher   : null No credential found
2026-09-20T14:40:10.788+08:00  INFO 24268 --- [service-gateway] [           main] c.a.n.p.a.s.c.ClientAuthPluginManager    : [ClientAuthPluginManager] Load ClientAuthService com.alibaba.nacos.client.auth.impl.NacosClientAuthServiceImpl success.
2026-09-20T14:40:10.788+08:00  INFO 24268 --- [service-gateway] [           main] c.a.n.p.a.s.c.ClientAuthPluginManager    : [ClientAuthPluginManager] Load ClientAuthService com.alibaba.nacos.client.auth.ram.RamClientAuthServiceImpl success.
2026-09-20T14:40:11.443+08:00  INFO 24268 --- [service-gateway] [           main] c.a.n.c.a.AbstractAbilityControlManager  : Ready to get current node abilities...
2026-09-20T14:40:11.444+08:00  INFO 24268 --- [service-gateway] [           main] c.a.n.c.a.AbstractAbilityControlManager  : Ready to initialize current node abilities, support modes: [SDK_CLIENT]
2026-09-20T14:40:11.445+08:00  INFO 24268 --- [service-gateway] [           main] c.a.n.c.a.AbstractAbilityControlManager  : Initialize current abilities finish...
2026-09-20T14:40:11.445+08:00  INFO 24268 --- [service-gateway] [           main] c.a.n.c.a.d.NacosAbilityManagerHolder    : [AbilityControlManager] Successfully initialize AbilityControlManager
2026-09-20T14:40:11.490+08:00  INFO 24268 --- [service-gateway] [           main] c.a.c.n.registry.NacosServiceRegistry    : nacos registry, DEFAULT_GROUP service-gateway 192.168.1.129:8080 register finished
2026-09-20T14:40:11.508+08:00  INFO 24268 --- [service-gateway] [           main] com.jwy.scd.gateway.GatewayApplication   : Started GatewayApplication in 3.161 seconds (process running for 3.62)
2026-09-20T14:40:16.621+08:00  INFO 24268 --- [service-gateway] [nio-8080-exec-1] o.a.c.c.C.[Tomcat].[localhost].[/]       : Initializing Spring DispatcherServlet 'dispatcherServlet'
2026-09-20T14:40:16.621+08:00  INFO 24268 --- [service-gateway] [nio-8080-exec-1] o.s.web.servlet.DispatcherServlet        : Initializing Servlet 'dispatcherServlet'
2026-09-20T14:40:16.622+08:00  INFO 24268 --- [service-gateway] [nio-8080-exec-1] o.s.web.servlet.DispatcherServlet        : Completed initialization in 0 ms
