[INFO] Scanning for projects...
[INFO] 
[INFO] -----------------------< com.jwy:service-order >------------------------
[INFO] Building service-order 0.0.1-SNAPSHOT
[INFO]   from pom.xml
[INFO] --------------------------------[ jar ]---------------------------------
[WARNING] The POM for com.jwy:service-order-api:jar:0.0.1-SNAPSHOT is missing, no dependency information available
[WARNING] The POM for com.jwy:service-system-api:jar:0.0.1-SNAPSHOT is missing, no dependency information available
[INFO] ------------------------------------------------------------------------
[INFO] BUILD FAILURE
[INFO] ------------------------------------------------------------------------
[INFO] Total time:  1.791 s
[INFO] Finished at: 2026-09-21T10:46:23+08:00
[INFO] ------------------------------------------------------------------------
[ERROR] Failed to execute goal on project service-order: Could not resolve dependencies for project com.jwy:service-order:jar:0.0.1-SNAPSHOT
[ERROR] dependency: com.jwy:service-order-api:jar:0.0.1-SNAPSHOT (compile)
[ERROR] 	Could not find artifact com.jwy:service-order-api:jar:0.0.1-SNAPSHOT
[ERROR] dependency: com.jwy:service-system-api:jar:0.0.1-SNAPSHOT (compile)
[ERROR] 	Could not find artifact com.jwy:service-system-api:jar:0.0.1-SNAPSHOT
[ERROR] -> [Help 1]
[ERROR] 
[ERROR] To see the full stack trace of the errors, re-run Maven with the -e switch.
[ERROR] Re-run Maven using the -X switch to enable full debug logging.
[ERROR] 
[ERROR] For more information about the errors and possible solutions, please read the following articles:
[ERROR] [Help 1] http://cwiki.apache.org/confluence/display/MAVEN/DependencyResolutionException
