[INFO] Scanning for projects...
[INFO] ------------------------------------------------------------------------
[INFO] Reactor Build Order:
[INFO] 
[INFO] springcloud-demo                                                   [pom]
[INFO] service-system-api                                                 [jar]
[INFO] service-order-api                                                  [jar]
[INFO] service-order                                                      [jar]
[INFO] 
[INFO] ----------------------< com.jwy:springcloud-demo >----------------------
[INFO] Building springcloud-demo 0.0.1-SNAPSHOT                           [1/4]
[INFO]   from pom.xml
[INFO] --------------------------------[ pom ]---------------------------------
[INFO] 
[INFO] --- dependency:3.9.0:build-classpath (default-cli) @ springcloud-demo ---
[INFO] No dependencies found.
[INFO] Wrote classpath file 'E:\Data\projects\springcloud-demo\.workbuddy\tmp\order-cp.txt'.
[INFO] 
[INFO] ---------------------< com.jwy:service-system-api >---------------------
[INFO] Building service-system-api 0.0.1-SNAPSHOT                         [2/4]
[INFO]   from service-system-api\pom.xml
[INFO] --------------------------------[ jar ]---------------------------------
[INFO] 
[INFO] --- resources:3.3.1:resources (default-resources) @ service-system-api ---
[INFO] skip non existing resourceDirectory E:\Data\projects\springcloud-demo\service-system-api\src\main\resources
[INFO] skip non existing resourceDirectory E:\Data\projects\springcloud-demo\service-system-api\src\main\resources
[INFO] 
[INFO] --- compiler:3.14.1:compile (default-compile) @ service-system-api ---
[INFO] Nothing to compile - all classes are up to date.
[INFO] 
[INFO] --- dependency:3.9.0:build-classpath (default-cli) @ service-system-api ---
[INFO] Wrote classpath file 'E:\Data\projects\springcloud-demo\.workbuddy\tmp\order-cp.txt'.
[INFO] 
[INFO] ---------------------< com.jwy:service-order-api >----------------------
[INFO] Building service-order-api 0.0.1-SNAPSHOT                          [3/4]
[INFO]   from service-order-api\pom.xml
[INFO] --------------------------------[ jar ]---------------------------------
[INFO] 
[INFO] --- resources:3.3.1:resources (default-resources) @ service-order-api ---
[INFO] skip non existing resourceDirectory E:\Data\projects\springcloud-demo\service-order-api\src\main\resources
[INFO] skip non existing resourceDirectory E:\Data\projects\springcloud-demo\service-order-api\src\main\resources
[INFO] 
[INFO] --- compiler:3.14.1:compile (default-compile) @ service-order-api ---
[INFO] Nothing to compile - all classes are up to date.
[INFO] 
[INFO] --- dependency:3.9.0:build-classpath (default-cli) @ service-order-api ---
[INFO] Skipped writing classpath file 'E:\Data\projects\springcloud-demo\.workbuddy\tmp\order-cp.txt'.  No changes found.
[INFO] 
[INFO] -----------------------< com.jwy:service-order >------------------------
[INFO] Building service-order 0.0.1-SNAPSHOT                              [4/4]
[INFO]   from service-order\pom.xml
[INFO] --------------------------------[ jar ]---------------------------------
[INFO] 
[INFO] --- resources:3.3.1:resources (default-resources) @ service-order ---
[INFO] Copying 1 resource from src\main\resources to target\classes
[INFO] Copying 1 resource from src\main\resources to target\classes
[INFO] 
[INFO] --- compiler:3.14.1:compile (default-compile) @ service-order ---
[INFO] Nothing to compile - all classes are up to date.
[INFO] 
[INFO] --- dependency:3.9.0:build-classpath (default-cli) @ service-order ---
[INFO] Wrote classpath file 'E:\Data\projects\springcloud-demo\.workbuddy\tmp\order-cp.txt'.
[INFO] ------------------------------------------------------------------------
[INFO] Reactor Summary for springcloud-demo 0.0.1-SNAPSHOT:
[INFO] 
[INFO] springcloud-demo ................................... SUCCESS [  0.992 s]
[INFO] service-system-api ................................. SUCCESS [  0.820 s]
[INFO] service-order-api .................................. SUCCESS [  0.125 s]
[INFO] service-order ...................................... SUCCESS [  0.745 s]
[INFO] ------------------------------------------------------------------------
[INFO] BUILD SUCCESS
[INFO] ------------------------------------------------------------------------
[INFO] Total time:  3.288 s
[INFO] Finished at: 2026-09-21T10:44:24+08:00
[INFO] ------------------------------------------------------------------------
