00:01:16.496 [main] INFO com.alibaba.nacos.plugin.auth.spi.client.ClientAuthPluginManager -- [ClientAuthPluginManager] Load ClientAuthService com.alibaba.nacos.client.auth.impl.NacosClientAuthServiceImpl success.
00:01:16.496 [main] INFO com.alibaba.nacos.plugin.auth.spi.client.ClientAuthPluginManager -- [ClientAuthPluginManager] Load ClientAuthService com.alibaba.nacos.client.auth.ram.RamClientAuthServiceImpl success.
00:01:17.450 [main] INFO com.alibaba.nacos.common.ability.AbstractAbilityControlManager -- Ready to get current node abilities...
00:01:17.453 [main] INFO com.alibaba.nacos.common.ability.AbstractAbilityControlManager -- Ready to initialize current node abilities, support modes: [SDK_CLIENT]
00:01:17.454 [main] INFO com.alibaba.nacos.common.ability.AbstractAbilityControlManager -- Initialize current abilities finish...
00:01:17.454 [main] INFO com.alibaba.nacos.common.ability.discover.NacosAbilityManagerHolder -- [AbilityControlManager] Successfully initialize AbilityControlManager

  .   ____          _            __ _ _
 /\\ / ___'_ __ _ _(_)_ __  __ _ \ \ \ \
( ( )\___ | '_ | '_| | '_ \/ _` | \ \ \ \
 \\/  ___)| |_)| | | | | || (_| |  ) ) ) )
  '  |____| .__|_| |_|_| |_\__, | / / / /
 =========|_|==============|___/=/_/_/_/

 :: Spring Boot ::                (v4.0.8)

2026-09-21T00:01:17.730+08:00  INFO 40780 --- [service-order] [           main] com.jwy.scd.ServiceOrderApplication      : Starting ServiceOrderApplication v0.0.1-SNAPSHOT using Java 21.0.12.1 with PID 40780 (E:\Data\projects\springcloud-demo\service-order\target\service-order-0.0.1-SNAPSHOT.jar started by jiang in E:\Data\projects\springcloud-demo)
2026-09-21T00:01:17.730+08:00  INFO 40780 --- [service-order] [           main] com.jwy.scd.ServiceOrderApplication      : No active profile set, falling back to 1 default profile: "default"
2026-09-21T00:01:17.830+08:00  INFO 40780 --- [service-order] [           main] c.a.c.n.c.NacosConfigDataLoader          : [Nacos Config] Load config[dataId=service-order.yaml, group=DEFAULT_GROUP] success
2026-09-21T00:01:18.999+08:00  INFO 40780 --- [service-order] [           main] o.s.cloud.context.scope.GenericScope     : BeanFactory id=31399f13-98ad-378b-9c67-a8a22eb08909
2026-09-21T00:01:19.748+08:00  INFO 40780 --- [service-order] [           main] o.s.boot.tomcat.TomcatWebServer          : Tomcat initialized with port 8083 (http)
2026-09-21T00:01:19.766+08:00  INFO 40780 --- [service-order] [           main] o.apache.catalina.core.StandardService   : Starting service [Tomcat]
2026-09-21T00:01:19.766+08:00  INFO 40780 --- [service-order] [           main] o.apache.catalina.core.StandardEngine    : Starting Servlet engine: [Apache Tomcat/11.0.24]
2026-09-21T00:01:19.805+08:00  INFO 40780 --- [service-order] [           main] b.w.c.s.WebApplicationContextInitializer : Root WebApplicationContext: initialization completed in 1973 ms
2026-09-21T00:01:20.231+08:00  INFO 40780 --- [service-order] [           main] o.s.c.openfeign.FeignClientFactoryBean   : For 'service-system' URL not provided. Will try picking an instance via load-balancing.
 _ _   |_  _ _|_. ___ _ |    _ 
| | |\/|_)(_| | |_\  |_)||_|_\ 
     /               |         
                        3.5.16 
2026-09-21T00:01:20.880+08:00  INFO 40780 --- [service-order] [           main] c.a.c.sentinel.SentinelWebMvcConfigurer  : [Sentinel Starter] register SentinelWebInterceptor with urlPatterns: [/**].
2026-09-21T00:01:21.242+08:00  INFO 40780 --- [service-order] [           main] m.e.s.MybatisPlusApplicationContextAware : Register ApplicationContext instances org.springframework.boot.web.server.servlet.context.AnnotationConfigServletWebServerApplicationContext@4fd05028
2026-09-21T00:01:21.452+08:00  WARN 40780 --- [service-order] [           main] iguration$LoadBalancerCaffeineWarnLogger : Spring Cloud LoadBalancer is currently working with the default cache. While this cache implementation is useful for development and tests, it's recommended to use Caffeine cache in production.You can switch to using Caffeine cache, by adding it and org.springframework.cache.caffeine.CaffeineCacheManager to the classpath.
2026-09-21T00:01:21.565+08:00  INFO 40780 --- [service-order] [           main] o.s.boot.tomcat.TomcatWebServer          : Tomcat started on port 8083 (http) with context path '/'
2026-09-21T00:01:21.572+08:00  INFO 40780 --- [service-order] [           main] com.alibaba.nacos.client.naming          : Nacos client key init properties: 
	serverAddr=rxs:8848
	username=nacos
	password=1****6

2026-09-21T00:01:21.573+08:00  INFO 40780 --- [service-order] [           main] com.alibaba.nacos.client.naming          : initializer namespace from ans.namespace attribute : null
2026-09-21T00:01:21.574+08:00  INFO 40780 --- [service-order] [           main] com.alibaba.nacos.client.naming          : initializer namespace from ALIBABA_ALIWARE_NAMESPACE attribute :null
2026-09-21T00:01:21.574+08:00  INFO 40780 --- [service-order] [           main] com.alibaba.nacos.client.naming          : initializer namespace from namespace attribute :null
2026-09-21T00:01:21.582+08:00  INFO 40780 --- [service-order] [           main] com.alibaba.nacos.client.naming          : FailoverDataSource type is class com.alibaba.nacos.client.naming.backups.datasource.DiskFailoverDataSource
2026-09-21T00:01:21.587+08:00  INFO 40780 --- [service-order] [           main] c.a.n.c.a.AbstractServerListManager      : Load and match ServerListProvider com.alibaba.nacos.client.address.EndpointServerListProvider, match result: false
2026-09-21T00:01:21.587+08:00  INFO 40780 --- [service-order] [           main] c.a.n.c.a.AbstractServerListManager      : Load and match ServerListProvider com.alibaba.nacos.client.address.PropertiesListProvider, match result: true
2026-09-21T00:01:21.587+08:00  INFO 40780 --- [service-order] [           main] c.a.n.c.a.AbstractServerListManager      : Will use com.alibaba.nacos.client.address.PropertiesListProvider as ServerListProvider
2026-09-21T00:01:21.589+08:00  INFO 40780 --- [service-order] [           main] c.a.n.p.a.s.c.ClientAuthPluginManager    : [ClientAuthPluginManager] Load ClientAuthService com.alibaba.nacos.client.auth.impl.NacosClientAuthServiceImpl success.
2026-09-21T00:01:21.589+08:00  INFO 40780 --- [service-order] [           main] c.a.n.p.a.s.c.ClientAuthPluginManager    : [ClientAuthPluginManager] Load ClientAuthService com.alibaba.nacos.client.auth.ram.RamClientAuthServiceImpl success.
2026-09-21T00:01:21.668+08:00  INFO 40780 --- [service-order] [           main] com.alibaba.nacos.common.remote.client   : [RpcClientFactory] create a new rpc client of 34b9a1d9-aafc-4ca4-aa41-9e7211241196
2026-09-21T00:01:21.669+08:00  INFO 40780 --- [service-order] [           main] com.alibaba.nacos.client.naming          : Create naming rpc client for uuid->34b9a1d9-aafc-4ca4-aa41-9e7211241196
2026-09-21T00:01:21.669+08:00  INFO 40780 --- [service-order] [           main] com.alibaba.nacos.common.remote.client   : [34b9a1d9-aafc-4ca4-aa41-9e7211241196] RpcClient init, ServerListFactory = com.alibaba.nacos.client.naming.core.NamingServerListManager
2026-09-21T00:01:21.674+08:00  INFO 40780 --- [service-order] [           main] com.alibaba.nacos.common.remote.client   : [34b9a1d9-aafc-4ca4-aa41-9e7211241196] Registry connection listener to current client:com.alibaba.nacos.client.naming.remote.gprc.redo.NamingGrpcRedoService
2026-09-21T00:01:21.674+08:00  INFO 40780 --- [service-order] [           main] com.alibaba.nacos.common.remote.client   : [34b9a1d9-aafc-4ca4-aa41-9e7211241196] Register server push request handler:com.alibaba.nacos.client.naming.remote.gprc.NamingPushRequestHandler
2026-09-21T00:01:21.675+08:00  INFO 40780 --- [service-order] [           main] com.alibaba.nacos.common.remote.client   : [34b9a1d9-aafc-4ca4-aa41-9e7211241196] Register server push request handler:com.alibaba.nacos.client.naming.remote.gprc.NamingFuzzyWatchNotifyRequestHandler
2026-09-21T00:01:21.675+08:00  INFO 40780 --- [service-order] [           main] com.alibaba.nacos.common.remote.client   : [34b9a1d9-aafc-4ca4-aa41-9e7211241196] Try to connect to server on start up, server: {serverIp = 'rxs', server main port = 8848}
2026-09-21T00:01:21.675+08:00  INFO 40780 --- [service-order] [           main] c.a.n.c.remote.client.grpc.GrpcClient    : grpc client connection server: rxs ip, serverPort: 9848, grpcTslConfig: {"enableTls":false,"mutualAuthEnable":false,"trustAll":true}
2026-09-21T00:01:21.689+08:00  INFO 40780 --- [service-order] [           main] com.alibaba.nacos.common.remote.client   : [34b9a1d9-aafc-4ca4-aa41-9e7211241196] Success to connect to server [rxs:8848] on start up, connectionId = 1789920080956_172.17.0.1_34722
2026-09-21T00:01:21.689+08:00  INFO 40780 --- [service-order] [           main] com.alibaba.nacos.common.remote.client   : [34b9a1d9-aafc-4ca4-aa41-9e7211241196] Register server push request handler:com.alibaba.nacos.common.remote.client.RpcClient$ConnectResetRequestHandler
2026-09-21T00:01:21.689+08:00  INFO 40780 --- [service-order] [remote.worker.0] com.alibaba.nacos.common.remote.client   : [34b9a1d9-aafc-4ca4-aa41-9e7211241196] Notify connected event to listeners.
2026-09-21T00:01:21.689+08:00  INFO 40780 --- [service-order] [           main] com.alibaba.nacos.common.remote.client   : [34b9a1d9-aafc-4ca4-aa41-9e7211241196] Register server push request handler:com.alibaba.nacos.common.remote.client.RpcClient$$Lambda/0x000001759a420d58
2026-09-21T00:01:21.689+08:00  INFO 40780 --- [service-order] [remote.worker.0] com.alibaba.nacos.client.naming          : Grpc connection connect
2026-09-21T00:01:21.690+08:00  INFO 40780 --- [service-order] [           main] com.alibaba.nacos.client.naming          : [REGISTER-SERVICE] public registering service service-order with instance Instance{instanceId='null', ip='192.168.1.129', port=8083, weight=1.0, healthy=true, enabled=true, ephemeral=true, clusterName='', serviceName='null', metadata={IPv6=null, preserved.register.source=SPRING_CLOUD}}
2026-09-21T00:01:21.714+08:00  INFO 40780 --- [service-order] [           main] c.a.c.n.registry.NacosServiceRegistry    : nacos registry, DEFAULT_GROUP service-order 192.168.1.129:8083 register finished
2026-09-21T00:01:21.724+08:00  INFO 40780 --- [service-order] [           main] com.jwy.scd.ServiceOrderApplication      : Started ServiceOrderApplication in 5.967 seconds (process running for 6.601)
2026-09-21T00:01:21.730+08:00  WARN 40780 --- [service-order] [           main] o.s.core.events.SpringDocAppInitializer  : SpringDoc /v3/api-docs endpoint is enabled by default. To disable it in production, set the property 'springdoc.api-docs.enabled=false'
2026-09-21T00:01:21.730+08:00  WARN 40780 --- [service-order] [           main] o.s.core.events.SpringDocAppInitializer  : SpringDoc /swagger-ui.html endpoint is enabled by default. To disable it in production, set the property 'springdoc.swagger-ui.enabled=false'
2026-09-21T00:01:21.734+08:00  INFO 40780 --- [service-order] [           main] c.a.nacos.client.config.impl.CacheData   : config listener notify warn timeout millis use default 60000 millis 
2026-09-21T00:01:21.734+08:00  INFO 40780 --- [service-order] [           main] c.a.nacos.client.config.impl.CacheData   : nacos.cache.data.init.snapshot = true 
2026-09-21T00:01:21.737+08:00  INFO 40780 --- [service-order] [           main] c.a.n.client.config.impl.ClientWorker    : [Config-fixed-public-rxs_8848] [subscribe] service-order.yaml+DEFAULT_GROUP+public
2026-09-21T00:01:21.745+08:00  INFO 40780 --- [service-order] [           main] c.a.nacos.client.config.impl.CacheData   : [Config-fixed-public-rxs_8848] [add-listener] ok, tenant=public, dataId=service-order.yaml, group=DEFAULT_GROUP, cnt=1
2026-09-21T00:01:21.745+08:00  INFO 40780 --- [service-order] [           main] c.a.c.n.refresh.NacosContextRefresher    : [Nacos Config] Listening config: dataId=service-order.yaml, group=DEFAULT_GROUP
2026-09-21T00:01:41.511+08:00  INFO 40780 --- [service-order] [nio-8083-exec-2] o.a.c.c.C.[Tomcat].[localhost].[/]       : Initializing Spring DispatcherServlet 'dispatcherServlet'
2026-09-21T00:01:41.511+08:00  INFO 40780 --- [service-order] [nio-8083-exec-2] o.s.web.servlet.DispatcherServlet        : Initializing Servlet 'dispatcherServlet'
2026-09-21T00:01:41.512+08:00  INFO 40780 --- [service-order] [nio-8083-exec-2] o.s.web.servlet.DispatcherServlet        : Completed initialization in 1 ms
INFO: Sentinel log output type is: file
INFO: Sentinel log charset is: utf-8
INFO: Sentinel log base directory is: C:\Users\jiang\logs\csp\
INFO: Sentinel log name use pid is: false
INFO: Sentinel log level is: INFO
2026-09-21T00:01:41.736+08:00  INFO 40780 --- [service-order] [nio-8083-exec-2] com.zaxxer.hikari.HikariDataSource       : HikariPool-1 - Starting...
2026-09-21T00:01:41.936+08:00  INFO 40780 --- [service-order] [nio-8083-exec-2] com.zaxxer.hikari.pool.HikariPool        : HikariPool-1 - Added connection com.mysql.cj.jdbc.ConnectionImpl@69688eb
2026-09-21T00:01:41.939+08:00  INFO 40780 --- [service-order] [nio-8083-exec-2] com.zaxxer.hikari.HikariDataSource       : HikariPool-1 - Start completed.
2026-09-21T00:01:42.029+08:00  INFO 40780 --- [service-order] [nio-8083-exec-2] com.alibaba.nacos.client.naming          : [SUBSCRIBE-SERVICE] service:service-system, group:DEFAULT_GROUP, clusters: 
2026-09-21T00:01:42.029+08:00  INFO 40780 --- [service-order] [nio-8083-exec-2] com.alibaba.nacos.client.naming          : [GRPC-SUBSCRIBE] service:service-system, group:DEFAULT_GROUP, cluster: 
2026-09-21T00:01:42.048+08:00  INFO 40780 --- [service-order] [nio-8083-exec-2] com.alibaba.nacos.client.naming          : init new ips(0) service: DEFAULT_GROUP@@service-system -> []
2026-09-21T00:01:42.056+08:00  WARN 40780 --- [service-order] [nio-8083-exec-2] o.s.c.l.core.RoundRobinLoadBalancer      : No servers available for service: service-system
2026-09-21T00:01:42.061+08:00  WARN 40780 --- [service-order] [nio-8083-exec-2] .s.c.o.l.FeignBlockingLoadBalancerClient : Load balancer does not contain an instance for the service service-system
2026-09-21T00:01:42.083+08:00 ERROR 40780 --- [service-order] [nio-8083-exec-2] c.j.s.exception.GlobalExceptionHandler   : 服务内部异常

feign.FeignException$ServiceUnavailable: [503] during [GET] to [http://service-system/api/sys-user/2] [OrderSysUserClient#getUserById(Long)]: [Load balancer does not contain an instance for the service service-system]
	at feign.FeignException.serverErrorStatus(FeignException.java:287) ~[feign-core-13.6.jar!/:na]
	at feign.FeignException.errorStatus(FeignException.java:226) ~[feign-core-13.6.jar!/:na]
	at feign.FeignException.errorStatus(FeignException.java:213) ~[feign-core-13.6.jar!/:na]
	at feign.codec.ErrorDecoder$Default.decode(ErrorDecoder.java:103) ~[feign-core-13.6.jar!/:na]
	at feign.InvocationContext.decodeError(InvocationContext.java:133) ~[feign-core-13.6.jar!/:na]
	at feign.InvocationContext.proceed(InvocationContext.java:80) ~[feign-core-13.6.jar!/:na]
	at feign.ResponseHandler.handleResponse(ResponseHandler.java:69) ~[feign-core-13.6.jar!/:na]
	at feign.SynchronousMethodHandler.executeAndDecode(SynchronousMethodHandler.java:109) ~[feign-core-13.6.jar!/:na]
	at feign.SynchronousMethodHandler.invoke(SynchronousMethodHandler.java:53) ~[feign-core-13.6.jar!/:na]
	at feign.ReflectiveFeign$FeignInvocationHandler.invoke(ReflectiveFeign.java:104) ~[feign-core-13.6.jar!/:na]
	at jdk.proxy2/jdk.proxy2.$Proxy113.getUserById(Unknown Source) ~[na:na]
	at com.jwy.scd.service.impl.OrderServiceImpl.queryUserByFeign(OrderServiceImpl.java:252) ~[!/:0.0.1-SNAPSHOT]
	at com.jwy.scd.service.impl.OrderServiceImpl.createOrder(OrderServiceImpl.java:94) ~[!/:0.0.1-SNAPSHOT]
	at java.base/jdk.internal.reflect.DirectMethodHandleAccessor.invoke(DirectMethodHandleAccessor.java:103) ~[na:na]
	at java.base/java.lang.reflect.Method.invoke(Method.java:580) ~[na:na]
	at org.springframework.aop.support.AopUtils.invokeJoinpointUsingReflection(AopUtils.java:359) ~[spring-aop-7.0.9.jar!/:7.0.9]
	at org.springframework.aop.framework.ReflectiveMethodInvocation.invokeJoinpoint(ReflectiveMethodInvocation.java:190) ~[spring-aop-7.0.9.jar!/:7.0.9]
	at org.springframework.aop.framework.ReflectiveMethodInvocation.proceed(ReflectiveMethodInvocation.java:158) ~[spring-aop-7.0.9.jar!/:7.0.9]
	at org.springframework.transaction.interceptor.TransactionInterceptor$1.proceedWithInvocation(TransactionInterceptor.java:133) ~[spring-tx-7.0.9.jar!/:7.0.9]
	at org.springframework.transaction.interceptor.TransactionAspectSupport.invokeWithinTransaction(TransactionAspectSupport.java:371) ~[spring-tx-7.0.9.jar!/:7.0.9]
	at org.springframework.transaction.interceptor.TransactionInterceptor.invoke(TransactionInterceptor.java:130) ~[spring-tx-7.0.9.jar!/:7.0.9]
	at org.springframework.aop.framework.ReflectiveMethodInvocation.proceed(ReflectiveMethodInvocation.java:179) ~[spring-aop-7.0.9.jar!/:7.0.9]
	at org.springframework.aop.framework.CglibAopProxy$DynamicAdvisedInterceptor.intercept(CglibAopProxy.java:719) ~[spring-aop-7.0.9.jar!/:7.0.9]
	at com.jwy.scd.service.impl.OrderServiceImpl$$SpringCGLIB$$0.createOrder(<generated>) ~[!/:0.0.1-SNAPSHOT]
	at com.jwy.scd.controller.OrderController.createOrder(OrderController.java:28) ~[!/:0.0.1-SNAPSHOT]
	at java.base/jdk.internal.reflect.DirectMethodHandleAccessor.invoke(DirectMethodHandleAccessor.java:103) ~[na:na]
	at java.base/java.lang.reflect.Method.invoke(Method.java:580) ~[na:na]
	at org.springframework.web.method.support.InvocableHandlerMethod.doInvoke(InvocableHandlerMethod.java:252) ~[spring-web-7.0.9.jar!/:7.0.9]
	at org.springframework.web.method.support.InvocableHandlerMethod.invokeForRequest(InvocableHandlerMethod.java:184) ~[spring-web-7.0.9.jar!/:7.0.9]
	at org.springframework.web.servlet.mvc.method.annotation.ServletInvocableHandlerMethod.invokeAndHandle(ServletInvocableHandlerMethod.java:117) ~[spring-webmvc-7.0.9.jar!/:7.0.9]
	at org.springframework.web.servlet.mvc.method.annotation.RequestMappingHandlerAdapter.invokeHandlerMethod(RequestMappingHandlerAdapter.java:934) ~[spring-webmvc-7.0.9.jar!/:7.0.9]
	at org.springframework.web.servlet.mvc.method.annotation.RequestMappingHandlerAdapter.handleInternal(RequestMappingHandlerAdapter.java:853) ~[spring-webmvc-7.0.9.jar!/:7.0.9]
	at org.springframework.web.servlet.mvc.method.AbstractHandlerMethodAdapter.handle(AbstractHandlerMethodAdapter.java:86) ~[spring-webmvc-7.0.9.jar!/:7.0.9]
	at org.springframework.web.servlet.DispatcherServlet.doDispatch(DispatcherServlet.java:963) ~[spring-webmvc-7.0.9.jar!/:7.0.9]
	at org.springframework.web.servlet.DispatcherServlet.doService(DispatcherServlet.java:866) ~[spring-webmvc-7.0.9.jar!/:7.0.9]
	at org.springframework.web.servlet.FrameworkServlet.processRequest(FrameworkServlet.java:1000) ~[spring-webmvc-7.0.9.jar!/:7.0.9]
	at org.springframework.web.servlet.FrameworkServlet.doPost(FrameworkServlet.java:903) ~[spring-webmvc-7.0.9.jar!/:7.0.9]
	at jakarta.servlet.http.HttpServlet.service(HttpServlet.java:649) ~[tomcat-embed-core-11.0.24.jar!/:na]
	at org.springframework.web.servlet.FrameworkServlet.service(FrameworkServlet.java:874) ~[spring-webmvc-7.0.9.jar!/:7.0.9]
	at jakarta.servlet.http.HttpServlet.service(HttpServlet.java:710) ~[tomcat-embed-core-11.0.24.jar!/:na]
	at org.apache.catalina.core.ApplicationFilterChain.doFilter(ApplicationFilterChain.java:132) ~[tomcat-embed-core-11.0.24.jar!/:na]
	at org.apache.tomcat.websocket.server.WsFilter.doFilter(WsFilter.java:59) ~[tomcat-embed-websocket-11.0.24.jar!/:na]
	at org.apache.catalina.core.ApplicationFilterChain.doFilter(ApplicationFilterChain.java:111) ~[tomcat-embed-core-11.0.24.jar!/:na]
	at org.springframework.web.filter.RequestContextFilter.doFilterInternal(RequestContextFilter.java:100) ~[spring-web-7.0.9.jar!/:7.0.9]
	at org.springframework.web.filter.OncePerRequestFilter.doFilter(OncePerRequestFilter.java:116) ~[spring-web-7.0.9.jar!/:7.0.9]
	at org.apache.catalina.core.ApplicationFilterChain.doFilter(ApplicationFilterChain.java:111) ~[tomcat-embed-core-11.0.24.jar!/:na]
	at org.springframework.web.filter.FormContentFilter.doFilterInternal(FormContentFilter.java:93) ~[spring-web-7.0.9.jar!/:7.0.9]
	at org.springframework.web.filter.OncePerRequestFilter.doFilter(OncePerRequestFilter.java:116) ~[spring-web-7.0.9.jar!/:7.0.9]
	at org.apache.catalina.core.ApplicationFilterChain.doFilter(ApplicationFilterChain.java:111) ~[tomcat-embed-core-11.0.24.jar!/:na]
	at org.springframework.web.filter.CharacterEncodingFilter.doFilterInternal(CharacterEncodingFilter.java:199) ~[spring-web-7.0.9.jar!/:7.0.9]
	at org.springframework.web.filter.OncePerRequestFilter.doFilter(OncePerRequestFilter.java:116) ~[spring-web-7.0.9.jar!/:7.0.9]
	at org.apache.catalina.core.ApplicationFilterChain.doFilter(ApplicationFilterChain.java:111) ~[tomcat-embed-core-11.0.24.jar!/:na]
	at org.apache.catalina.core.StandardWrapperValve.invoke(StandardWrapperValve.java:165) ~[tomcat-embed-core-11.0.24.jar!/:na]
	at org.apache.catalina.core.StandardContextValve.invoke(StandardContextValve.java:77) ~[tomcat-embed-core-11.0.24.jar!/:na]
	at org.apache.catalina.authenticator.AuthenticatorBase.invoke(AuthenticatorBase.java:535) ~[tomcat-embed-core-11.0.24.jar!/:na]
	at org.apache.catalina.core.StandardHostValve.invoke(StandardHostValve.java:115) ~[tomcat-embed-core-11.0.24.jar!/:na]
	at org.apache.catalina.valves.ErrorReportValve.invoke(ErrorReportValve.java:86) ~[tomcat-embed-core-11.0.24.jar!/:na]
	at org.apache.catalina.core.StandardEngineValve.invoke(StandardEngineValve.java:71) ~[tomcat-embed-core-11.0.24.jar!/:na]
	at org.apache.catalina.connector.CoyoteAdapter.service(CoyoteAdapter.java:347) ~[tomcat-embed-core-11.0.24.jar!/:na]
	at org.apache.coyote.http11.Http11Processor.service(Http11Processor.java:406) ~[tomcat-embed-core-11.0.24.jar!/:na]
	at org.apache.coyote.AbstractProcessorLight.process(AbstractProcessorLight.java:71) ~[tomcat-embed-core-11.0.24.jar!/:na]
	at org.apache.coyote.AbstractProtocol$ConnectionHandler.process(AbstractProtocol.java:1307) ~[tomcat-embed-core-11.0.24.jar!/:na]
	at org.apache.tomcat.util.net.NioEndpoint$SocketProcessor.doRun(NioEndpoint.java:2036) ~[tomcat-embed-core-11.0.24.jar!/:na]
	at org.apache.tomcat.util.net.SocketProcessorBase.run(SocketProcessorBase.java:74) ~[tomcat-embed-core-11.0.24.jar!/:na]
	at org.apache.tomcat.util.threads.ThreadPoolExecutor.runWorker(ThreadPoolExecutor.java:949) ~[tomcat-embed-core-11.0.24.jar!/:na]
	at org.apache.tomcat.util.threads.ThreadPoolExecutor$Worker.run(ThreadPoolExecutor.java:483) ~[tomcat-embed-core-11.0.24.jar!/:na]
	at org.apache.tomcat.util.threads.TaskThread$WrappingRunnable.run(TaskThread.java:74) ~[tomcat-embed-core-11.0.24.jar!/:na]
	at java.base/java.lang.Thread.run(Thread.java:1583) ~[na:na]

2026-09-21T00:01:42.603+08:00  INFO 40780 --- [service-order] [executor-rxs-21] com.alibaba.nacos.common.remote.client   : [34b9a1d9-aafc-4ca4-aa41-9e7211241196] Receive server push request, request = NotifySubscriberRequest, requestId = 43
2026-09-21T00:01:42.604+08:00  INFO 40780 --- [service-order] [executor-rxs-21] com.alibaba.nacos.common.remote.client   : [34b9a1d9-aafc-4ca4-aa41-9e7211241196] Ack server push request, request = NotifySubscriberRequest, requestId = 43
