[INFO] Scanning for projects...
[INFO] 
[INFO] -----------------------< com.jwy:service-order >------------------------
[INFO] Building service-order 0.0.1-SNAPSHOT
[INFO]   from pom.xml
[INFO] --------------------------------[ jar ]---------------------------------
[WARNING] The POM for com.jwy:service-order-api:jar:0.0.1-SNAPSHOT is missing, no dependency information available
[WARNING] The POM for com.jwy:service-system-api:jar:0.0.1-SNAPSHOT is missing, no dependency information available
[INFO] 
[INFO] --- dependency:3.9.0:tree (default-cli) @ service-order ---
[INFO] com.jwy:service-order:jar:0.0.1-SNAPSHOT
[INFO] +- org.projectlombok:lombok:jar:1.18.46:compile (optional)
[INFO] +- com.baomidou:mybatis-plus-spring-boot4-starter:jar:3.5.16:compile
[INFO] |  +- com.baomidou:mybatis-plus:jar:3.5.16:compile
[INFO] |  |  +- com.baomidou:mybatis-plus-core:jar:3.5.16:compile
[INFO] |  |  +- com.baomidou:mybatis-plus-annotation:jar:3.5.16:compile
[INFO] |  |  +- com.baomidou:mybatis-plus-spring:jar:3.5.16:compile
[INFO] |  |  |  \- com.baomidou:mybatis-plus-extension:jar:3.5.16:compile
[INFO] |  |  \- org.mybatis:mybatis:jar:3.5.19:compile
[INFO] |  +- org.mybatis:mybatis-spring:jar:4.0.0:compile
[INFO] |  +- com.baomidou:mybatis-plus-spring-boot-autoconfigure:jar:3.5.16:compile
[INFO] |  +- org.springframework.boot:spring-boot-autoconfigure:jar:4.0.8:compile
[INFO] |  |  \- org.springframework.boot:spring-boot:jar:4.0.8:compile
[INFO] |  |     \- org.springframework:spring-context:jar:7.0.9:compile
[INFO] |  \- org.springframework.boot:spring-boot-starter-jdbc:jar:4.0.8:compile
[INFO] |     +- org.springframework.boot:spring-boot-jdbc:jar:4.0.8:compile
[INFO] |     |  +- org.springframework.boot:spring-boot-sql:jar:4.0.8:compile
[INFO] |     |  +- org.springframework.boot:spring-boot-transaction:jar:4.0.8:compile
[INFO] |     |  |  +- org.springframework.boot:spring-boot-persistence:jar:4.0.8:compile
[INFO] |     |  |  \- org.springframework:spring-tx:jar:7.0.9:compile
[INFO] |     |  \- org.springframework:spring-jdbc:jar:7.0.9:compile
[INFO] |     \- com.zaxxer:HikariCP:jar:7.0.2:compile
[INFO] +- com.mysql:mysql-connector-j:jar:9.7.0:runtime
[INFO] +- org.springframework.boot:spring-boot-starter-web:jar:4.0.8:compile
[INFO] |  +- org.springframework.boot:spring-boot-starter-jackson:jar:4.0.8:compile
[INFO] |  |  \- org.springframework.boot:spring-boot-jackson:jar:4.0.8:compile
[INFO] |  |     \- tools.jackson.core:jackson-databind:jar:3.1.5:compile
[INFO] |  |        \- tools.jackson.core:jackson-core:jar:3.1.5:compile
[INFO] |  +- org.springframework.boot:spring-boot-starter-tomcat:jar:4.0.8:compile
[INFO] |  |  +- org.springframework.boot:spring-boot-starter-tomcat-runtime:jar:4.0.8:compile
[INFO] |  |  |  +- org.apache.tomcat.embed:tomcat-embed-core:jar:11.0.24:compile
[INFO] |  |  |  +- org.apache.tomcat.embed:tomcat-embed-el:jar:11.0.24:compile
[INFO] |  |  |  \- org.apache.tomcat.embed:tomcat-embed-websocket:jar:11.0.24:compile
[INFO] |  |  \- org.springframework.boot:spring-boot-tomcat:jar:4.0.8:compile
[INFO] |  +- org.springframework.boot:spring-boot-http-converter:jar:4.0.8:compile
[INFO] |  \- org.springframework.boot:spring-boot-webmvc:jar:4.0.8:compile
[INFO] |     +- org.springframework.boot:spring-boot-servlet:jar:4.0.8:compile
[INFO] |     \- org.springframework:spring-webmvc:jar:7.0.9:compile
[INFO] |        +- org.springframework:spring-aop:jar:7.0.9:compile
[INFO] |        \- org.springframework:spring-expression:jar:7.0.9:compile
[INFO] +- com.jwy:service-order-api:jar:0.0.1-SNAPSHOT:compile
[INFO] +- com.jwy:service-system-api:jar:0.0.1-SNAPSHOT:compile
[INFO] +- org.springframework.cloud:spring-cloud-starter-openfeign:jar:5.0.0:compile
[INFO] |  +- org.springframework.cloud:spring-cloud-starter:jar:5.0.0:compile
[INFO] |  |  \- org.bouncycastle:bcprov-jdk18on:jar:1.81:compile
[INFO] |  +- org.springframework.cloud:spring-cloud-openfeign-core:jar:5.0.0:compile
[INFO] |  |  +- org.jspecify:jspecify:jar:1.0.1:compile
[INFO] |  |  \- io.github.openfeign:feign-form-spring:jar:13.6:compile
[INFO] |  |     +- org.apache.commons:commons-text:jar:1.13.0:compile
[INFO] |  |     |  \- org.apache.commons:commons-lang3:jar:3.19.0:compile
[INFO] |  |     +- io.github.openfeign:feign-form:jar:13.6:compile
[INFO] |  |     \- commons-fileupload:commons-fileupload:jar:1.5:compile
[INFO] |  +- org.springframework:spring-web:jar:7.0.9:compile
[INFO] |  |  +- org.springframework:spring-beans:jar:7.0.9:compile
[INFO] |  |  \- io.micrometer:micrometer-observation:jar:1.16.7:compile
[INFO] |  |     \- io.micrometer:micrometer-commons:jar:1.16.7:compile
[INFO] |  +- org.springframework.cloud:spring-cloud-commons:jar:5.0.0:compile
[INFO] |  |  \- org.springframework.security:spring-security-crypto:jar:7.0.7:compile
[INFO] |  +- io.github.openfeign:feign-core:jar:13.6:compile
[INFO] |  \- io.github.openfeign:feign-slf4j:jar:13.6:compile
[INFO] +- org.springframework.cloud:spring-cloud-starter-loadbalancer:jar:5.0.0:compile
[INFO] |  +- org.springframework.cloud:spring-cloud-loadbalancer:jar:5.0.0:compile
[INFO] |  |  +- io.projectreactor:reactor-core:jar:3.8.7:compile
[INFO] |  |  |  \- org.reactivestreams:reactive-streams:jar:1.0.4:compile
[INFO] |  |  \- io.projectreactor.addons:reactor-extra:jar:3.6.1:compile
[INFO] |  +- org.springframework.boot:spring-boot-starter-cache:jar:4.0.8:compile
[INFO] |  |  \- org.springframework.boot:spring-boot-cache:jar:4.0.8:compile
[INFO] |  |     \- org.springframework:spring-context-support:jar:7.0.9:compile
[INFO] |  \- com.stoyanr:evictor:jar:1.0.0:compile
[INFO] +- org.springdoc:springdoc-openapi-starter-webmvc-ui:jar:3.1.1:compile
[INFO] |  +- org.springdoc:springdoc-openapi-starter-webmvc-api:jar:3.1.1:compile
[INFO] |  |  +- org.springdoc:springdoc-openapi-starter-common:jar:3.1.1:compile
[INFO] |  |  |  +- org.springframework.boot:spring-boot-validation:jar:4.0.8:compile
[INFO] |  |  |  |  \- org.hibernate.validator:hibernate-validator:jar:9.0.1.Final:compile
[INFO] |  |  |  |     +- org.jboss.logging:jboss-logging:jar:3.6.3.Final:compile
[INFO] |  |  |  |     \- com.fasterxml:classmate:jar:1.7.3:compile
[INFO] |  |  |  \- io.swagger.core.v3:swagger-core-jakarta:jar:2.2.55:compile
[INFO] |  |  |     +- io.swagger.core.v3:swagger-annotations-jakarta:jar:2.2.55:compile
[INFO] |  |  |     +- io.swagger.core.v3:swagger-models-jakarta:jar:2.2.55:compile
[INFO] |  |  |     +- jakarta.validation:jakarta.validation-api:jar:3.1.1:compile
[INFO] |  |  |     +- com.fasterxml.jackson.dataformat:jackson-dataformat-yaml:jar:2.21.5:compile
[INFO] |  |  |     \- com.fasterxml.jackson.datatype:jackson-datatype-jsr310:jar:2.21.5:compile
[INFO] |  |  \- org.springframework.boot:spring-boot-web-server:jar:4.0.8:compile
[INFO] |  +- org.webjars:swagger-ui:jar:5.32.14:compile
[INFO] |  \- org.webjars:webjars-locator-lite:jar:1.1.4:compile
[INFO] +- com.alibaba.cloud:spring-cloud-starter-alibaba-nacos-discovery:jar:2025.1.0.0:compile
[INFO] |  +- com.alibaba.cloud:spring-cloud-alibaba-commons:jar:2025.1.0.0:compile
[INFO] |  +- com.alibaba.nacos:nacos-client:jar:3.1.1:compile
[INFO] |  |  +- com.alibaba.nacos:nacos-client-basic:jar:3.1.1:compile
[INFO] |  |  |  \- com.alibaba.nacos:nacos-auth-plugin:jar:3.1.1:compile
[INFO] |  |  +- com.alibaba.nacos:nacos-encryption-plugin:jar:3.1.1:compile
[INFO] |  |  +- com.alibaba.nacos:logback-adapter:jar:1.1.4:compile
[INFO] |  |  +- com.alibaba.nacos:nacos-log4j2-adapter:jar:3.1.1:compile
[INFO] |  |  +- com.fasterxml.jackson.core:jackson-core:jar:2.21.5:compile
[INFO] |  |  +- com.fasterxml.jackson.core:jackson-databind:jar:2.21.5:compile
[INFO] |  |  |  \- com.fasterxml.jackson.core:jackson-annotations:jar:2.21:compile
[INFO] |  |  +- org.apache.httpcomponents.client5:httpclient5:jar:5.5.2:compile
[INFO] |  |  |  \- org.apache.httpcomponents.core5:httpcore5-h2:jar:5.3.6:compile
[INFO] |  |  +- org.apache.httpcomponents.core5:httpcore5:jar:5.3.6:compile
[INFO] |  |  +- io.prometheus:simpleclient:jar:0.16.0:compile
[INFO] |  |  |  +- io.prometheus:simpleclient_tracer_otel:jar:0.16.0:compile
[INFO] |  |  |  |  \- io.prometheus:simpleclient_tracer_common:jar:0.16.0:compile
[INFO] |  |  |  \- io.prometheus:simpleclient_tracer_otel_agent:jar:0.16.0:compile
[INFO] |  |  +- org.yaml:snakeyaml:jar:2.5:compile
[INFO] |  |  \- io.micrometer:micrometer-core:jar:1.16.7:compile
[INFO] |  |     +- org.hdrhistogram:HdrHistogram:jar:2.2.2:runtime
[INFO] |  |     \- org.latencyutils:LatencyUtils:jar:2.0.3:runtime
[INFO] |  \- org.springframework.cloud:spring-cloud-context:jar:5.0.0:compile
[INFO] +- com.alibaba.cloud:spring-cloud-starter-alibaba-nacos-config:jar:2025.1.0.0:compile
[INFO] |  +- com.alibaba.cloud:spring-alibaba-nacos-config:jar:2025.1.0.0:compile
[INFO] |  +- org.slf4j:slf4j-api:jar:2.0.18:compile
[INFO] |  \- jakarta.annotation:jakarta.annotation-api:jar:3.0.0:compile
[INFO] +- com.alibaba.cloud:spring-cloud-starter-alibaba-sentinel:jar:2025.1.0.0:compile
[INFO] |  +- com.alibaba.csp:sentinel-transport-simple-http:jar:1.8.9:compile
[INFO] |  |  \- com.alibaba.csp:sentinel-transport-common:jar:1.8.9:compile
[INFO] |  |     +- com.alibaba.csp:sentinel-datasource-extension:jar:1.8.9:compile
[INFO] |  |     \- com.alibaba:fastjson:jar:2.0.58:compile
[INFO] |  |        \- com.alibaba.fastjson2:fastjson2-extension:jar:2.0.58:compile
[INFO] |  |           \- com.alibaba.fastjson2:fastjson2:jar:2.0.58:compile
[INFO] |  +- com.alibaba.csp:sentinel-annotation-aspectj:jar:1.8.9:compile
[INFO] |  |  +- com.alibaba.csp:sentinel-core:jar:1.8.9:compile
[INFO] |  |  \- org.aspectj:aspectjweaver:jar:1.9.25.1:compile
[INFO] |  +- com.alibaba.cloud:spring-cloud-circuitbreaker-sentinel:jar:2025.1.0.0:compile
[INFO] |  |  \- com.alibaba.csp:sentinel-reactor-adapter:jar:1.8.9:compile
[INFO] |  +- com.alibaba.csp:sentinel-spring-webflux-adapter:jar:1.8.9:compile
[INFO] |  +- com.alibaba.csp:sentinel-spring-webmvc-v6x-adapter:jar:1.8.9:compile
[INFO] |  |  \- com.alibaba.csp:sentinel-web-adapter-common:jar:1.8.9:compile
[INFO] |  +- com.alibaba.csp:sentinel-parameter-flow-control:jar:1.8.9:compile
[INFO] |  |  \- com.googlecode.concurrentlinkedhashmap:concurrentlinkedhashmap-lru:jar:1.4.2:compile
[INFO] |  +- com.alibaba.csp:sentinel-cluster-server-default:jar:1.8.9:compile
[INFO] |  |  +- com.alibaba.csp:sentinel-cluster-common-default:jar:1.8.9:compile
[INFO] |  |  \- io.netty:netty-handler:jar:4.2.17.Final:compile
[INFO] |  |     +- io.netty:netty-common:jar:4.2.17.Final:compile
[INFO] |  |     +- io.netty:netty-resolver:jar:4.2.17.Final:compile
[INFO] |  |     +- io.netty:netty-buffer:jar:4.2.17.Final:compile
[INFO] |  |     +- io.netty:netty-transport:jar:4.2.17.Final:compile
[INFO] |  |     +- io.netty:netty-transport-native-unix-common:jar:4.2.17.Final:compile
[INFO] |  |     \- io.netty:netty-codec-base:jar:4.2.17.Final:compile
[INFO] |  +- com.alibaba.csp:sentinel-cluster-client-default:jar:1.8.9:compile
[INFO] |  \- com.alibaba.cloud:spring-cloud-alibaba-sentinel-datasource:jar:2025.1.0.0:compile
[INFO] \- org.springframework.boot:spring-boot-starter-test:jar:4.0.8:test
[INFO]    +- org.springframework.boot:spring-boot-starter:jar:4.0.8:compile
[INFO]    |  \- org.springframework.boot:spring-boot-starter-logging:jar:4.0.8:compile
[INFO]    |     +- ch.qos.logback:logback-classic:jar:1.5.38:compile
[INFO]    |     |  \- ch.qos.logback:logback-core:jar:1.5.38:compile
[INFO]    |     +- org.apache.logging.log4j:log4j-to-slf4j:jar:2.25.5:compile
[INFO]    |     |  \- org.apache.logging.log4j:log4j-api:jar:2.25.5:compile
[INFO]    |     \- org.slf4j:jul-to-slf4j:jar:2.0.18:compile
[INFO]    +- org.springframework.boot:spring-boot-test:jar:4.0.8:test
[INFO]    +- org.springframework.boot:spring-boot-test-autoconfigure:jar:4.0.8:test
[INFO]    +- com.jayway.jsonpath:json-path:jar:2.10.0:test
[INFO]    +- jakarta.xml.bind:jakarta.xml.bind-api:jar:4.0.5:compile
[INFO]    |  \- jakarta.activation:jakarta.activation-api:jar:2.1.4:compile
[INFO]    +- net.minidev:json-smart:jar:2.6.0:test
[INFO]    |  \- net.minidev:accessors-smart:jar:2.6.0:test
[INFO]    |     \- org.ow2.asm:asm:jar:9.7.1:test
[INFO]    +- org.assertj:assertj-core:jar:3.27.7:test
[INFO]    |  \- net.bytebuddy:byte-buddy:jar:1.17.8:test
[INFO]    +- org.awaitility:awaitility:jar:4.3.0:test
[INFO]    +- org.hamcrest:hamcrest:jar:3.0:test
[INFO]    +- org.junit.jupiter:junit-jupiter:jar:6.0.3:test
[INFO]    |  +- org.junit.jupiter:junit-jupiter-api:jar:6.0.3:test
[INFO]    |  |  +- org.opentest4j:opentest4j:jar:1.3.0:test
[INFO]    |  |  +- org.junit.platform:junit-platform-commons:jar:6.0.3:test
[INFO]    |  |  \- org.apiguardian:apiguardian-api:jar:1.1.2:test
[INFO]    |  +- org.junit.jupiter:junit-jupiter-params:jar:6.0.3:test
[INFO]    |  \- org.junit.jupiter:junit-jupiter-engine:jar:6.0.3:test
[INFO]    |     \- org.junit.platform:junit-platform-engine:jar:6.0.3:test
[INFO]    +- org.mockito:mockito-core:jar:5.20.0:test
[INFO]    |  +- net.bytebuddy:byte-buddy-agent:jar:1.17.8:test
[INFO]    |  \- org.objenesis:objenesis:jar:3.3:test
[INFO]    +- org.mockito:mockito-junit-jupiter:jar:5.20.0:test
[INFO]    +- org.skyscreamer:jsonassert:jar:1.5.3:test
[INFO]    |  \- com.vaadin.external.google:android-json:jar:0.0.20131108.vaadin1:test
[INFO]    +- org.springframework:spring-core:jar:7.0.9:compile
[INFO]    |  \- commons-logging:commons-logging:jar:1.3.6:compile
[INFO]    +- org.springframework:spring-test:jar:7.0.9:test
[INFO]    \- org.xmlunit:xmlunit-core:jar:2.10.4:test
[INFO] ------------------------------------------------------------------------
[INFO] BUILD SUCCESS
[INFO] ------------------------------------------------------------------------
[INFO] Total time:  6.562 s
[INFO] Finished at: 2026-09-21T00:02:04+08:00
[INFO] ------------------------------------------------------------------------
