14:35:46.978 [main] INFO com.alibaba.nacos.plugin.auth.spi.client.ClientAuthPluginManager -- [ClientAuthPluginManager] Load ClientAuthService com.alibaba.nacos.client.auth.impl.NacosClientAuthServiceImpl success.
14:35:46.979 [main] INFO com.alibaba.nacos.plugin.auth.spi.client.ClientAuthPluginManager -- [ClientAuthPluginManager] Load ClientAuthService com.alibaba.nacos.client.auth.ram.RamClientAuthServiceImpl success.
14:35:47.804 [main] INFO com.alibaba.nacos.common.ability.AbstractAbilityControlManager -- Ready to get current node abilities...
14:35:47.806 [main] INFO com.alibaba.nacos.common.ability.AbstractAbilityControlManager -- Ready to initialize current node abilities, support modes: [SDK_CLIENT]
14:35:47.807 [main] INFO com.alibaba.nacos.common.ability.AbstractAbilityControlManager -- Initialize current abilities finish...
14:35:47.808 [main] INFO com.alibaba.nacos.common.ability.discover.NacosAbilityManagerHolder -- [AbilityControlManager] Successfully initialize AbilityControlManager

  .   ____          _            __ _ _
 /\\ / ___'_ __ _ _(_)_ __  __ _ \ \ \ \
( ( )\___ | '_ | '_| | '_ \/ _` | \ \ \ \
 \\/  ___)| |_)| | | | | || (_| |  ) ) ) )
  '  |____| .__|_| |_|_| |_\__, | / / / /
 =========|_|==============|___/=/_/_/_/

 :: Spring Boot ::                (v4.0.8)

2026-09-20T14:35:48.052+08:00  INFO 29580 --- [service-system] [           main] com.jwy.scd.ServiceSystemApplication     : Starting ServiceSystemApplication v0.0.1-SNAPSHOT using Java 21.0.12.1 with PID 29580 (E:\Data\projects\springcloud-demo\service-system\target\service-system-0.0.1-SNAPSHOT.jar started by jiang in e:\Data\projects\springcloud-demo)
2026-09-20T14:35:48.053+08:00  INFO 29580 --- [service-system] [           main] com.jwy.scd.ServiceSystemApplication     : No active profile set, falling back to 1 default profile: "default"
2026-09-20T14:35:48.120+08:00  INFO 29580 --- [service-system] [           main] c.a.c.n.c.NacosConfigDataLoader          : [Nacos Config] Load config[dataId=service-system.yaml, group=DEFAULT_GROUP] success
2026-09-20T14:35:48.949+08:00  INFO 29580 --- [service-system] [           main] o.s.cloud.context.scope.GenericScope     : BeanFactory id=bc008145-59de-354e-acde-fc516893c38f
2026-09-20T14:35:49.317+08:00  INFO 29580 --- [service-system] [           main] o.s.boot.tomcat.TomcatWebServer          : Tomcat initialized with port 62513 (http)
2026-09-20T14:35:49.334+08:00  INFO 29580 --- [service-system] [           main] o.apache.catalina.core.StandardService   : Starting service [Tomcat]
2026-09-20T14:35:49.334+08:00  INFO 29580 --- [service-system] [           main] o.apache.catalina.core.StandardEngine    : Starting Servlet engine: [Apache Tomcat/11.0.24]
2026-09-20T14:35:49.366+08:00  INFO 29580 --- [service-system] [           main] b.w.c.s.WebApplicationContextInitializer : Root WebApplicationContext: initialization completed in 1243 ms
 _ _   |_  _ _|_. ___ _ |    _ 
| | |\/|_)(_| | |_\  |_)||_|_\ 
     /               |         
                        3.5.16 
2026-09-20T14:35:50.273+08:00  INFO 29580 --- [service-system] [           main] m.e.s.MybatisPlusApplicationContextAware : Register ApplicationContext instances org.springframework.boot.web.server.servlet.context.AnnotationConfigServletWebServerApplicationContext@2aaf152b
2026-09-20T14:35:51.231+08:00  WARN 29580 --- [service-system] [           main] ConfigServletWebServerApplicationContext : Exception encountered during context initialization - cancelling refresh attempt: org.springframework.context.ApplicationContextException: Failed to start bean 'webServerStartStop'
2026-09-20T14:35:51.472+08:00  INFO 29580 --- [service-system] [           main] .s.b.a.l.ConditionEvaluationReportLogger : 

Error starting ApplicationContext. To display the condition evaluation report re-run your application with 'debug' enabled.
2026-09-20T14:35:51.643+08:00 ERROR 29580 --- [service-system] [           main] o.s.b.d.LoggingFailureAnalysisReporter   : 

***************************
APPLICATION FAILED TO START
***************************

Description:

Web server failed to start. Port 62513 was already in use.

Action:

Identify and stop the process that's listening on port 62513 or configure this application to listen on another port.

2026-09-20T14:35:51.646+08:00  INFO 29580 --- [service-system] [       Thread-9] c.a.nacos.common.notify.NotifyCenter     : [NotifyCenter] Start destroying Publisher
2026-09-20T14:35:51.646+08:00  INFO 29580 --- [service-system] [       Thread-9] c.a.nacos.common.notify.NotifyCenter     : [NotifyCenter] Completed destruction of Publisher
2026-09-20T14:35:51.646+08:00  INFO 29580 --- [service-system] [       Thread-7] c.a.n.common.http.HttpClientBeanHolder   : [HttpClientBeanHolder] Start destroying common HttpClient
