00:08:17.659 [main] INFO com.alibaba.nacos.plugin.auth.spi.client.ClientAuthPluginManager -- [ClientAuthPluginManager] Load ClientAuthService com.alibaba.nacos.client.auth.impl.NacosClientAuthServiceImpl success.
00:08:17.659 [main] INFO com.alibaba.nacos.plugin.auth.spi.client.ClientAuthPluginManager -- [ClientAuthPluginManager] Load ClientAuthService com.alibaba.nacos.client.auth.ram.RamClientAuthServiceImpl success.
00:08:18.602 [main] INFO com.alibaba.nacos.common.ability.AbstractAbilityControlManager -- Ready to get current node abilities...
00:08:18.604 [main] INFO com.alibaba.nacos.common.ability.AbstractAbilityControlManager -- Ready to initialize current node abilities, support modes: [SDK_CLIENT]
00:08:18.605 [main] INFO com.alibaba.nacos.common.ability.AbstractAbilityControlManager -- Initialize current abilities finish...
00:08:18.606 [main] INFO com.alibaba.nacos.common.ability.discover.NacosAbilityManagerHolder -- [AbilityControlManager] Successfully initialize AbilityControlManager

  .   ____          _            __ _ _
 /\\ / ___'_ __ _ _(_)_ __  __ _ \ \ \ \
( ( )\___ | '_ | '_| | '_ \/ _` | \ \ \ \
 \\/  ___)| |_)| | | | | || (_| |  ) ) ) )
  '  |____| .__|_| |_|_| |_\__, | / / / /
 =========|_|==============|___/=/_/_/_/

 :: Spring Boot ::                (v4.0.8)

2026-09-21T00:08:18.860+08:00  INFO 39232 --- [service-system] [           main] com.jwy.scd.ServiceSystemApplication     : Starting ServiceSystemApplication v0.0.1-SNAPSHOT using Java 21.0.12.1 with PID 39232 (E:\Data\projects\springcloud-demo\service-system\target\service-system-0.0.1-SNAPSHOT.jar started by jiang in E:\Data\projects\springcloud-demo)
2026-09-21T00:08:18.861+08:00  INFO 39232 --- [service-system] [           main] com.jwy.scd.ServiceSystemApplication     : No active profile set, falling back to 1 default profile: "default"
2026-09-21T00:08:18.937+08:00  INFO 39232 --- [service-system] [           main] c.a.c.n.c.NacosConfigDataLoader          : [Nacos Config] Load config[dataId=service-system.yaml, group=DEFAULT_GROUP] success
2026-09-21T00:08:19.933+08:00  INFO 39232 --- [service-system] [           main] o.s.cloud.context.scope.GenericScope     : BeanFactory id=755f950e-9099-3122-90f3-627e94d68117
2026-09-21T00:08:20.321+08:00  INFO 39232 --- [service-system] [           main] o.s.boot.tomcat.TomcatWebServer          : Tomcat initialized with port 8081 (http)
2026-09-21T00:08:20.343+08:00  INFO 39232 --- [service-system] [           main] o.apache.catalina.core.StandardService   : Starting service [Tomcat]
2026-09-21T00:08:20.343+08:00  INFO 39232 --- [service-system] [           main] o.apache.catalina.core.StandardEngine    : Starting Servlet engine: [Apache Tomcat/11.0.24]
2026-09-21T00:08:20.381+08:00  INFO 39232 --- [service-system] [           main] b.w.c.s.WebApplicationContextInitializer : Root WebApplicationContext: initialization completed in 1440 ms
 _ _   |_  _ _|_. ___ _ |    _ 
| | |\/|_)(_| | |_\  |_)||_|_\ 
     /               |         
                        3.5.16 
2026-09-21T00:08:21.407+08:00  INFO 39232 --- [service-system] [           main] m.e.s.MybatisPlusApplicationContextAware : Register ApplicationContext instances org.springframework.boot.web.server.servlet.context.AnnotationConfigServletWebServerApplicationContext@2aaf152b
2026-09-21T00:08:21.613+08:00  INFO 39232 --- [service-system] [           main] o.s.boot.tomcat.TomcatWebServer          : Tomcat started on port 8081 (http) with context path '/'
2026-09-21T00:08:21.620+08:00  INFO 39232 --- [service-system] [           main] com.alibaba.nacos.client.naming          : Nacos client key init properties: 
	serverAddr=rxs:8848
	username=nacos
	password=1****6

2026-09-21T00:08:21.620+08:00  INFO 39232 --- [service-system] [           main] com.alibaba.nacos.client.naming          : initializer namespace from ans.namespace attribute : null
2026-09-21T00:08:21.621+08:00  INFO 39232 --- [service-system] [           main] com.alibaba.nacos.client.naming          : initializer namespace from ALIBABA_ALIWARE_NAMESPACE attribute :null
2026-09-21T00:08:21.621+08:00  INFO 39232 --- [service-system] [           main] com.alibaba.nacos.client.naming          : initializer namespace from namespace attribute :null
2026-09-21T00:08:21.629+08:00  INFO 39232 --- [service-system] [           main] com.alibaba.nacos.client.naming          : FailoverDataSource type is class com.alibaba.nacos.client.naming.backups.datasource.DiskFailoverDataSource
2026-09-21T00:08:21.634+08:00  INFO 39232 --- [service-system] [           main] c.a.n.c.a.AbstractServerListManager      : Load and match ServerListProvider com.alibaba.nacos.client.address.EndpointServerListProvider, match result: false
2026-09-21T00:08:21.634+08:00  INFO 39232 --- [service-system] [           main] c.a.n.c.a.AbstractServerListManager      : Load and match ServerListProvider com.alibaba.nacos.client.address.PropertiesListProvider, match result: true
2026-09-21T00:08:21.634+08:00  INFO 39232 --- [service-system] [           main] c.a.n.c.a.AbstractServerListManager      : Will use com.alibaba.nacos.client.address.PropertiesListProvider as ServerListProvider
2026-09-21T00:08:21.634+08:00  INFO 39232 --- [service-system] [           main] c.a.n.p.a.s.c.ClientAuthPluginManager    : [ClientAuthPluginManager] Load ClientAuthService com.alibaba.nacos.client.auth.impl.NacosClientAuthServiceImpl success.
2026-09-21T00:08:21.635+08:00  INFO 39232 --- [service-system] [           main] c.a.n.p.a.s.c.ClientAuthPluginManager    : [ClientAuthPluginManager] Load ClientAuthService com.alibaba.nacos.client.auth.ram.RamClientAuthServiceImpl success.
2026-09-21T00:08:21.715+08:00  INFO 39232 --- [service-system] [           main] com.alibaba.nacos.common.remote.client   : [RpcClientFactory] create a new rpc client of 9951ea6e-76f0-45be-92b7-149d2a693f19
2026-09-21T00:08:21.717+08:00  INFO 39232 --- [service-system] [           main] com.alibaba.nacos.client.naming          : Create naming rpc client for uuid->9951ea6e-76f0-45be-92b7-149d2a693f19
2026-09-21T00:08:21.717+08:00  INFO 39232 --- [service-system] [           main] com.alibaba.nacos.common.remote.client   : [9951ea6e-76f0-45be-92b7-149d2a693f19] RpcClient init, ServerListFactory = com.alibaba.nacos.client.naming.core.NamingServerListManager
2026-09-21T00:08:21.717+08:00  INFO 39232 --- [service-system] [           main] com.alibaba.nacos.common.remote.client   : [9951ea6e-76f0-45be-92b7-149d2a693f19] Registry connection listener to current client:com.alibaba.nacos.client.naming.remote.gprc.redo.NamingGrpcRedoService
2026-09-21T00:08:21.717+08:00  INFO 39232 --- [service-system] [           main] com.alibaba.nacos.common.remote.client   : [9951ea6e-76f0-45be-92b7-149d2a693f19] Register server push request handler:com.alibaba.nacos.client.naming.remote.gprc.NamingPushRequestHandler
2026-09-21T00:08:21.717+08:00  INFO 39232 --- [service-system] [           main] com.alibaba.nacos.common.remote.client   : [9951ea6e-76f0-45be-92b7-149d2a693f19] Register server push request handler:com.alibaba.nacos.client.naming.remote.gprc.NamingFuzzyWatchNotifyRequestHandler
2026-09-21T00:08:21.719+08:00  INFO 39232 --- [service-system] [           main] com.alibaba.nacos.common.remote.client   : [9951ea6e-76f0-45be-92b7-149d2a693f19] Try to connect to server on start up, server: {serverIp = 'rxs', server main port = 8848}
2026-09-21T00:08:21.719+08:00  INFO 39232 --- [service-system] [           main] c.a.n.c.remote.client.grpc.GrpcClient    : grpc client connection server: rxs ip, serverPort: 9848, grpcTslConfig: {"enableTls":false,"mutualAuthEnable":false,"trustAll":true}
2026-09-21T00:08:21.742+08:00  INFO 39232 --- [service-system] [           main] com.alibaba.nacos.common.remote.client   : [9951ea6e-76f0-45be-92b7-149d2a693f19] Success to connect to server [rxs:8848] on start up, connectionId = 1789920500997_172.17.0.1_49210
2026-09-21T00:08:21.742+08:00  INFO 39232 --- [service-system] [           main] com.alibaba.nacos.common.remote.client   : [9951ea6e-76f0-45be-92b7-149d2a693f19] Register server push request handler:com.alibaba.nacos.common.remote.client.RpcClient$ConnectResetRequestHandler
2026-09-21T00:08:21.742+08:00  INFO 39232 --- [service-system] [remote.worker.0] com.alibaba.nacos.common.remote.client   : [9951ea6e-76f0-45be-92b7-149d2a693f19] Notify connected event to listeners.
2026-09-21T00:08:21.742+08:00  INFO 39232 --- [service-system] [           main] com.alibaba.nacos.common.remote.client   : [9951ea6e-76f0-45be-92b7-149d2a693f19] Register server push request handler:com.alibaba.nacos.common.remote.client.RpcClient$$Lambda/0x000002e81b437300
2026-09-21T00:08:21.742+08:00  INFO 39232 --- [service-system] [remote.worker.0] com.alibaba.nacos.client.naming          : Grpc connection connect
2026-09-21T00:08:21.744+08:00  INFO 39232 --- [service-system] [           main] com.alibaba.nacos.client.naming          : [REGISTER-SERVICE] public registering service service-system with instance Instance{instanceId='null', ip='192.168.1.129', port=8081, weight=1.0, healthy=true, enabled=true, ephemeral=true, clusterName='', serviceName='null', metadata={IPv6=null, preserved.register.source=SPRING_CLOUD}}
2026-09-21T00:08:21.759+08:00  INFO 39232 --- [service-system] [           main] c.a.c.n.registry.NacosServiceRegistry    : nacos registry, DEFAULT_GROUP service-system 192.168.1.129:8081 register finished
2026-09-21T00:08:21.771+08:00  INFO 39232 --- [service-system] [           main] com.jwy.scd.ServiceSystemApplication     : Started ServiceSystemApplication in 4.83 seconds (process running for 5.395)
2026-09-21T00:08:21.775+08:00  WARN 39232 --- [service-system] [           main] o.s.core.events.SpringDocAppInitializer  : SpringDoc /v3/api-docs endpoint is enabled by default. To disable it in production, set the property 'springdoc.api-docs.enabled=false'
2026-09-21T00:08:21.775+08:00  WARN 39232 --- [service-system] [           main] o.s.core.events.SpringDocAppInitializer  : SpringDoc /swagger-ui.html endpoint is enabled by default. To disable it in production, set the property 'springdoc.swagger-ui.enabled=false'
2026-09-21T00:08:21.778+08:00  INFO 39232 --- [service-system] [           main] c.a.nacos.client.config.impl.CacheData   : config listener notify warn timeout millis use default 60000 millis 
2026-09-21T00:08:21.778+08:00  INFO 39232 --- [service-system] [           main] c.a.nacos.client.config.impl.CacheData   : nacos.cache.data.init.snapshot = true 
2026-09-21T00:08:21.786+08:00  INFO 39232 --- [service-system] [           main] c.a.n.client.config.impl.ClientWorker    : [Config-fixed-public-rxs_8848] [subscribe] service-system.yaml+DEFAULT_GROUP+public
2026-09-21T00:08:21.794+08:00  INFO 39232 --- [service-system] [           main] c.a.nacos.client.config.impl.CacheData   : [Config-fixed-public-rxs_8848] [add-listener] ok, tenant=public, dataId=service-system.yaml, group=DEFAULT_GROUP, cnt=1
2026-09-21T00:08:21.794+08:00  INFO 39232 --- [service-system] [           main] c.a.c.n.refresh.NacosContextRefresher    : [Nacos Config] Listening config: dataId=service-system.yaml, group=DEFAULT_GROUP
2026-09-21T00:08:35.557+08:00  INFO 39232 --- [service-system] [nio-8081-exec-2] o.a.c.c.C.[Tomcat].[localhost].[/]       : Initializing Spring DispatcherServlet 'dispatcherServlet'
2026-09-21T00:08:35.557+08:00  INFO 39232 --- [service-system] [nio-8081-exec-2] o.s.web.servlet.DispatcherServlet        : Initializing Servlet 'dispatcherServlet'
2026-09-21T00:08:35.557+08:00  INFO 39232 --- [service-system] [nio-8081-exec-2] o.s.web.servlet.DispatcherServlet        : Completed initialization in 0 ms
2026-09-21T00:08:35.612+08:00  INFO 39232 --- [service-system] [nio-8081-exec-2] com.zaxxer.hikari.HikariDataSource       : HikariPool-1 - Starting...
2026-09-21T00:08:35.796+08:00  INFO 39232 --- [service-system] [nio-8081-exec-2] com.zaxxer.hikari.pool.HikariPool        : HikariPool-1 - Added connection com.mysql.cj.jdbc.ConnectionImpl@11d47c4a
2026-09-21T00:08:35.797+08:00  INFO 39232 --- [service-system] [nio-8081-exec-2] com.zaxxer.hikari.HikariDataSource       : HikariPool-1 - Start completed.
